Archive member included to satisfy reference by file (symbol)

../../../../../../../PLAT/gccout/ec7xx_0h00_ec716e/ap/bootloader/lib/libstartup.a(prec_init.o)
                              (--whole-archive)
../../../../../../../PLAT/gccout/ec7xx_0h00_ec716e/ap/bootloader/lib/libstartup.a(syscalls.o)
                              (--whole-archive)
../../../../../../../PLAT/gccout/ec7xx_0h00_ec716e/ap/bootloader/lib/libstartup.a(system_ec7xx.o)
                              (--whole-archive)
../../../../../../../PLAT/gccout/ec7xx_0h00_ec716e/ap/bootloader/lib/libstartup.a(startup_ec7xx_gcc.o)
                              (--whole-archive)
../../../../../../../PLAT/gccout/ec7xx_0h00_ec716e/ap/bootloader/lib/libdriver.a(plat_config.o)
                              (--whole-archive)
../../../../../../../PLAT/gccout/ec7xx_0h00_ec716e/ap/bootloader/lib/libdriver.a(hal_pwrkey.o)
                              (--whole-archive)
../../../../../../../PLAT/gccout/ec7xx_0h00_ec716e/ap/bootloader/lib/libdriver.a(hal_misc.o)
                              (--whole-archive)
../../../../../../../PLAT/gccout/ec7xx_0h00_ec716e/ap/bootloader/lib/libdriver.a(ec_string.o)
                              (--whole-archive)
../../../../../../../PLAT/gccout/ec7xx_0h00_ec716e/ap/bootloader/lib/libdriver.a(gpio.o)
                              (--whole-archive)
../../../../../../../PLAT/gccout/ec7xx_0h00_ec716e/ap/bootloader/lib/libdriver.a(pad.o)
                              (--whole-archive)
../../../../../../../PLAT/gccout/ec7xx_0h00_ec716e/ap/bootloader/lib/libdriver.a(wdt.o)
                              (--whole-archive)
../../../../../../../PLAT/gccout/ec7xx_0h00_ec716e/ap/bootloader/lib/libdriver.a(oneWire.o)
                              (--whole-archive)
../../../../../../../PLAT/gccout/ec7xx_0h00_ec716e/ap/bootloader/lib/libdriver.a(clock.o)
                              (--whole-archive)
../../../../../../../PLAT/gccout/ec7xx_0h00_ec716e/ap/bootloader/lib/libdriver.a(usbd_proc_cb_custom.o)
                              (--whole-archive)
../../../../../../../PLAT/gccout/ec7xx_0h00_ec716e/ap/bootloader/lib/libdriver.a(usbd_multi_usrcfg_custom.o)
                              (--whole-archive)
../../../../../../../PLAT/gccout/ec7xx_0h00_ec716e/ap/bootloader/lib/libdriver.a(usb_bl_api.o)
                              (--whole-archive)
../../../../../../../PLAT/gccout/ec7xx_0h00_ec716e/ap/bootloader/lib/libdriver.a(usb_bl_test.o)
                              (--whole-archive)
../../../../../../../PLAT/gccout/ec7xx_0h00_ec716e/ap/bootloader/lib/libdriver.a(function_vcom_inherent.o)
                              (--whole-archive)
../../../../../../../PLAT/gccout/ec7xx_0h00_ec716e/ap/bootloader/lib/libdriver.a(function_vcom_custp1.o)
                              (--whole-archive)
../../../../../../../PLAT/gccout/ec7xx_0h00_ec716e/ap/bootloader/lib/libdriver.a(function_vcom_custp2.o)
                              (--whole-archive)
../../../../../../../PLAT/gccout/ec7xx_0h00_ec716e/ap/bootloader/lib/libdriver.a(memcpy-armv7m.o)
                              (--whole-archive)
../../../../../../../PLAT/gccout/ec7xx_0h00_ec716e/ap/bootloader/lib/libmiddleware_ec.a(mw_aal_hash.o)
                              (--whole-archive)
../../../../../../../PLAT/gccout/ec7xx_0h00_ec716e/ap/bootloader/lib/libmiddleware_ec.a(nvram.o)
                              (--whole-archive)
../../../../../../../PLAT/gccout/ec7xx_0h00_ec716e/ap/bootloader/lib/libmiddleware_ec.a(fota_utils.o)
                              (--whole-archive)
../../../../../../../PLAT/gccout/ec7xx_0h00_ec716e/ap/bootloader/lib/libmiddleware_ec.a(fota_nvm.o)
                              (--whole-archive)
../../../../../../../PLAT/gccout/ec7xx_0h00_ec716e/ap/bootloader/lib/libmiddleware_ec.a(fota_zipcodec.o)
                              (--whole-archive)
../../../../../../../PLAT/gccout/ec7xx_0h00_ec716e/ap/bootloader/lib/libmiddleware_ec.a(fota_entry.o)
                              (--whole-archive)
../../../../../../../PLAT/gccout/ec7xx_0h00_ec716e/ap/bootloader/lib/libmiddleware_ec.a(fota_mem.o)
                              (--whole-archive)
../../../../../../../PLAT/gccout/ec7xx_0h00_ec716e/ap/bootloader/lib/libmiddleware_ec.a(fota_custom.o)
                              (--whole-archive)
../../../../../../../PLAT/gccout/ec7xx_0h00_ec716e/ap/bootloader/lib/libmiddleware_ec.a(fota_chksum.o)
                              (--whole-archive)
../../../../../../../PLAT/gccout/ec7xx_0h00_ec716e/ap/bootloader/lib/liblzma.a(LzFindOpt.o)
                              (--whole-archive)
../../../../../../../PLAT/gccout/ec7xx_0h00_ec716e/ap/bootloader/lib/liblzma.a(Bra86.o)
                              (--whole-archive)
../../../../../../../PLAT/gccout/ec7xx_0h00_ec716e/ap/bootloader/lib/liblzma.a(Bcj2Enc.o)
                              (--whole-archive)
[...]
Memory Configuration

Name             Origin             Length             Attributes
ASMB_AREA_REMAP  0x00000000         0x00010000         xrw
MSMB_AREA        0x00400000         0x00100000         xrw
FLASH_AREA       0x00803000         0x00018000         xr
CSMB_AREA        0x00200000         0x00010000         xrw
*default*        0x00000000         0xffffffff

Linker script and memory map

LOAD c:/gcc/bin/../lib/gcc/arm-none-eabi/10.2.1/thumb/v7-m/nofp/crti.o
LOAD c:/gcc/bin/../lib/gcc/arm-none-eabi/10.2.1/thumb/v7-m/nofp/crtbegin.o
LOAD c:/gcc/bin/../lib/gcc/arm-none-eabi/10.2.1/../../../../arm-none-eabi/lib/thumb/v7-m/nofp/crt0.o
LOAD ../../../../../../../PLAT/gccout/ec7xx_0h00_ec716e/ap/bootloader/PLAT/project/ec7xx_0h00/ap/apps/bootloader/code/main/ec_main.o
LOAD ap_bootloader.elf.lto.o
LOAD C:\Users\z\AppData\Local\Temp\cc7qw6aY.debug.temp.o
LOAD C:\Users\z\AppData\Local\Temp\ccOZLsxK.debug.temp.o
LOAD C:\Users\z\AppData\Local\Temp\cc3ZwY9v.debug.temp.o
LOAD C:\Users\z\AppData\Local\Temp\cc2xJDHh.debug.temp.o
LOAD C:\Users\z\AppData\Local\Temp\cc15Vif3.debug.temp.o
LOAD C:\Users\z\AppData\Local\Temp\ccskNRgP.debug.temp.o
LOAD C:\Users\z\AppData\Local\Temp\ccPSXc9A.debug.temp.o
LOAD C:\Users\z\AppData\Local\Temp\cceEyMdm.debug.temp.o
LOAD C:\Users\z\AppData\Local\Temp\cczbriy7.debug.temp.o
LOAD C:\Users\z\AppData\Local\Temp\ccqXCWJS.debug.temp.o
LOAD C:\Users\z\AppData\Local\Temp\cc7d1zSH.debug.temp.o
LOAD C:\Users\z\AppData\Local\Temp\cc2DMkVw.debug.temp.o
LOAD C:\Users\z\AppData\Local\Temp\ccZiFjpm.debug.temp.o
LOAD C:\Users\z\AppData\Local\Temp\ccqlCOHb.debug.temp.o
LOAD C:\Users\z\AppData\Local\Temp\ccLGq930.debug.temp.o
LOAD C:\Users\z\AppData\Local\Temp\cc8eFICP.debug.temp.o
LOAD C:\Users\z\AppData\Local\Temp\cc5l6l4D.debug.temp.o
LOAD C:\Users\z\AppData\Local\Temp\ccAYw9Ws.debug.temp.o
LOAD C:\Users\z\AppData\Local\Temp\ccdpX8Dh.debug.temp.o
LOAD C:\Users\z\AppData\Local\Temp\ccA1daF5.debug.temp.o
LOAD C:\Users\z\AppData\Local\Temp\cc7Of8wT.debug.temp.o
LOAD C:\Users\z\AppData\Local\Temp\cc2GjhtH.debug.temp.o
LOAD C:\Users\z\AppData\Local\Temp\ccRvfOPv.debug.temp.o
LOAD C:\Users\z\AppData\Local\Temp\ccKsg63j.debug.temp.o
LOAD C:\Users\z\AppData\Local\Temp\ccDlzak7.debug.temp.o
LOAD C:\Users\z\AppData\Local\Temp\ccqDSTEU.debug.temp.o
LOAD C:\Users\z\AppData\Local\Temp\cctfQGoI.debug.temp.o
LOAD C:\Users\z\AppData\Local\Temp\ccQbNCYv.debug.temp.o
LOAD C:\Users\z\AppData\Local\Temp\ccfNotun.debug.temp.o
LOAD C:\Users\z\AppData\Local\Temp\ccUc48Qe.debug.temp.o
LOAD C:\Users\z\AppData\Local\Temp\ccNZvXH6.debug.temp.o
LOAD C:\Users\z\AppData\Local\Temp\ccuuXkFX.debug.temp.o
LOAD C:\Users\z\AppData\Local\Temp\cc7awosO.debug.temp.o
LOAD C:\Users\z\AppData\Local\Temp\ccssswJF.debug.temp.o
LOAD C:\Users\z\AppData\Local\Temp\ccRVtO3v.debug.temp.o
LOAD C:\Users\z\AppData\Local\Temp\cc6vVmvm.debug.temp.o
LOAD C:\Users\z\AppData\Local\Temp\ccPVpBad.debug.temp.o
LOAD C:\Users\z\AppData\Local\Temp\ccuzk3J3.debug.temp.o
LOAD C:\Users\z\AppData\Local\Temp\ccrK1tzT.debug.temp.o
LOAD C:\Users\z\AppData\Local\Temp\ccyi4OCJ.debug.temp.o
LOAD C:\Users\z\AppData\Local\Temp\ccZamzAz.debug.temp.o
LOAD C:\Users\z\AppData\Local\Temp\cck2Wyht.debug.temp.o
LOAD C:\Users\z\AppData\Local\Temp\ccHy25on.debug.temp.o
LOAD C:\Users\z\AppData\Local\Temp\ccERVSvh.debug.temp.o
LOAD C:\Users\z\AppData\Local\Temp\cc3qsxSa.debug.temp.o
LOAD C:\Users\z\AppData\Local\Temp\ccCJBRr4.debug.temp.o
LOAD C:\Users\z\AppData\Local\Temp\ccpHErVX.debug.temp.o
LOAD C:\Users\z\AppData\Local\Temp\ccWMpsrQ.debug.temp.o
LOAD C:\Users\z\AppData\Local\Temp\ccnlzZnJ.debug.temp.o
LOAD C:\Users\z\AppData\Local\Temp\cci3dUjC.debug.temp.o
LOAD C:\Users\z\AppData\Local\Temp\ccp93Ziu.debug.temp.o
LOAD C:\Users\z\AppData\Local\Temp\cckFCqJm.debug.temp.o
LOAD C:\Users\z\AppData\Local\Temp\ccXpHxYe.debug.temp.o
LOAD C:\Users\z\AppData\Local\Temp\ccoiJpgb.debug.temp.o
LOAD C:\Users\z\AppData\Local\Temp\ccJRano7.debug.temp.o
LOAD C:\Users\z\AppData\Local\Temp\ccKAmjK3.debug.temp.o
LOAD C:\Users\z\AppData\Local\Temp\ccFECtpZ.debug.temp.o
LOAD C:\Users\z\AppData\Local\Temp\ccweMniV.debug.temp.o
LOAD C:\Users\z\AppData\Local\Temp\ccNBec4Q.debug.temp.o
LOAD C:\Users\z\AppData\Local\Temp\ccI7AA6L.debug.temp.o
LOAD C:\Users\z\AppData\Local\Temp\ccf1lo4G.debug.temp.o
LOAD C:\Users\z\AppData\Local\Temp\cc0Ti2sC.debug.temp.o
LOAD C:\Users\z\AppData\Local\Temp\ccHQknVw.debug.temp.o
LOAD C:\Users\z\AppData\Local\Temp\cccfOXcr.debug.temp.o
LOAD C:\Users\z\AppData\Local\Temp\ccJMvdZl.debug.temp.o
LOAD C:\Users\z\AppData\Local\Temp\ccqlZiFg.debug.temp.o
LOAD C:\Users\z\AppData\Local\Temp\cc79yxif.debug.temp.o
LOAD C:\Users\z\AppData\Local\Temp\ccsTzmce.debug.temp.o
LOAD C:\Users\z\AppData\Local\Temp\ccFYx3Xc.debug.temp.o
LOAD C:\Users\z\AppData\Local\Temp\ccKRN3La.debug.temp.o
LOAD C:\Users\z\AppData\Local\Temp\cc1wJwZ8.debug.temp.o
LOAD C:\Users\z\AppData\Local\Temp\ccQDgii7.debug.temp.o
LOAD C:\Users\z\AppData\Local\Temp\ccnvQSp5.debug.temp.o
LOAD C:\Users\z\AppData\Local\Temp\ccQSHxN2.debug.temp.o
LOAD C:\Users\z\AppData\Local\Temp\cczIBw7Z.debug.temp.o
LOAD C:\Users\z\AppData\Local\Temp\ccUZNiRX.debug.temp.o
LOAD C:\Users\z\AppData\Local\Temp\ccnZgPHU.debug.temp.o
LOAD C:\Users\z\AppData\Local\Temp\cc8D2MrR.debug.temp.o
LOAD C:\Users\z\AppData\Local\Temp\ccHAOstO.debug.temp.o
LOAD C:\Users\z\AppData\Local\Temp\ccmybgtP.debug.temp.o
LOAD ../../../../../../../PLAT/gccout/ec7xx_0h00_ec716e/ap/bootloader/PLAT/project/ec7xx_0h00/ap/apps/bootloader/code/main/bl_uart.o
LOAD ../../../../../../../PLAT/gccout/ec7xx_0h00_ec716e/ap/bootloader/PLAT/project/ec7xx_0h00/ap/apps/bootloader/code/main/bl_print.o
LOAD ../../../../../../../PLAT/gccout/ec7xx_0h00_ec716e/ap/bootloader/PLAT/project/ec7xx_0h00/ap/apps/bootloader/code/main/bl_reset.o
LOAD ../../../../../../../PLAT/gccout/ec7xx_0h00_ec716e/ap/bootloader/PLAT/project/ec7xx_0h00/ap/apps/bootloader/code/main/stub_os.o
LOAD ../../../../../../../PLAT/gccout/ec7xx_0h00_ec716e/ap/bootloader/PLAT/project/ec7xx_0h00/ap/apps/bootloader/code/common/image/image.o
LOAD ../../../../../../../PLAT/gccout/ec7xx_0h00_ec716e/ap/bootloader/PLAT/project/ec7xx_0h00/ap/apps/bootloader/code/common/secure/hash/src/sha256.o
LOAD ../../../../../../../PLAT/gccout/ec7xx_0h00_ec716e/ap/bootloader/PLAT/project/ec7xx_0h00/ap/apps/bootloader/code/except/exception_handler.o
START GROUP
LOAD ../../../../../../../PLAT/gccout/ec7xx_0h00_ec716e/ap/bootloader/lib/libstartup.a
LOAD ../../../../../../../PLAT/gccout/ec7xx_0h00_ec716e/ap/bootloader/lib/libdriver.a
LOAD ../../../../../../../PLAT/gccout/ec7xx_0h00_ec716e/ap/bootloader/lib/libmiddleware_ec.a
LOAD ../../../../../../../PLAT/gccout/ec7xx_0h00_ec716e/ap/bootloader/lib/liblzma.a
LOAD ../../../../../../../PLAT/gccout/ec7xx_0h00_ec716e/ap/bootloader/lib/libuecc.a
LOAD ../../../../../../../PLAT/prebuild/PLAT/lib/gcc/ec716e/ram/libosa.a
LOAD ../../../../../../../PLAT/prebuild/PLAT/lib/gcc/ec716e/ram/libmiddleware_ec_private.a
LOAD ../../../../../../../PLAT/prebuild/PLAT/lib/gcc/ec716e/ram/libfota.a
LOAD ../../../../../../../PLAT/prebuild/PLAT/lib/gcc/ec716e/ram/libdeltapatch2.a
LOAD ../../../../../../../PLAT/prebuild/PLAT/lib/gcc/ec716e/ram/libdriver_private_bl.a
LOAD ../../../../../../../PLAT/prebuild/PLAT/lib/gcc/ec716e/ram/libbootloader.a
LOAD ../../../../../../../PLAT/prebuild/PLAT/lib/gcc/ec716e/ram/libusbbl_priv.a
END GROUP
START GROUP
LOAD c:/gcc/bin/../lib/gcc/arm-none-eabi/10.2.1/thumb/v7-m/nofp\libgcc.a
LOAD c:/gcc/bin/../lib/gcc/arm-none-eabi/10.2.1/../../../../arm-none-eabi/lib/thumb/v7-m/nofp\libc_nano.a
END GROUP
START GROUP
LOAD c:/gcc/bin/../lib/gcc/arm-none-eabi/10.2.1/thumb/v7-m/nofp\libgcc.a
LOAD c:/gcc/bin/../lib/gcc/arm-none-eabi/10.2.1/../../../../arm-none-eabi/lib/thumb/v7-m/nofp\libc_nano.a
END GROUP
LOAD c:/gcc/bin/../lib/gcc/arm-none-eabi/10.2.1/thumb/v7-m/nofp/crtend.o
LOAD c:/gcc/bin/../lib/gcc/arm-none-eabi/10.2.1/thumb/v7-m/nofp/crtn.o

.vector         0x00803000       0x84
 *(.isr_vector)
 .isr_vector    0x00803000       0x84 ../../../../../../../PLAT/gccout/ec7xx_0h00_ec716e/ap/bootloader/lib/libstartup.a(startup_ec7xx_gcc.o)
                0x00803000                __isr_vector

.unload_uncompress_flashcode
                0x00803084     0x6618
 *startup_ec7xx_gcc.o(.text* .rodata*)
 .text          0x00803084       0x2c ../../../../../../../PLAT/gccout/ec7xx_0h00_ec716e/ap/bootloader/lib/libstartup.a(startup_ec7xx_gcc.o)
                0x00803084                Reset_Handler
                0x0080309e                Default_Handler
                0x0080309e                HardFault_Handler
 *(.sect_bl_uncompress_flash_text.*)
 .sect_bl_uncompress_flash_text.prec_init.119
                0x008030b0       0x28 ap_bootloader.elf.lto.o
 .sect_bl_uncompress_flash_text.system_ec7xx.110
                0x008030d8       0x1a ap_bootloader.elf.lto.o
 .sect_bl_uncompress_flash_text.system_ec7xx.143
                0x008030f2       0x1e ap_bootloader.elf.lto.o
 .sect_bl_uncompress_flash_text.system_ec7xx.198
                0x00803110       0x48 ap_bootloader.elf.lto.o
 .sect_bl_uncompress_flash_text.LzFind.117
                0x00803158        0x4 ap_bootloader.elf.lto.o
 .sect_bl_uncompress_flash_text.LzFind.119
                0x0080315c        0x8 ap_bootloader.elf.lto.o
 .sect_bl_uncompress_flash_text.LzFind.122
                0x00803164       0x72 ap_bootloader.elf.lto.o
 .sect_bl_uncompress_flash_text.LzFind.218
                0x008031d6       0x12 ap_bootloader.elf.lto.o
 .sect_bl_uncompress_flash_text.LzFind.277
                0x008031e8       0x50 ap_bootloader.elf.lto.o
 .sect_bl_uncompress_flash_text.LzFind.422
                0x00803238       0x4c ap_bootloader.elf.lto.o
 .sect_bl_uncompress_flash_text.LzFind.685
                0x00803284       0xae ap_bootloader.elf.lto.o
 .sect_bl_uncompress_flash_text.LzFind.798
                0x00803332       0x80 ap_bootloader.elf.lto.o
 .sect_bl_uncompress_flash_text.LzFind.951
                0x008033b2       0xa8 ap_bootloader.elf.lto.o
 .sect_bl_uncompress_flash_text.LzFind.182
                0x0080345a       0x2c ap_bootloader.elf.lto.o
 .sect_bl_uncompress_flash_text.LzFind.201
                0x00803486       0x2c ap_bootloader.elf.lto.o
 *fill*         0x008034b2        0x2 
 .sect_bl_uncompress_flash_text.LzFind.228
                0x008034b4       0x48 ap_bootloader.elf.lto.o
 .sect_bl_uncompress_flash_text.LzFind.461
                0x008034fc        0xc ap_bootloader.elf.lto.o
 .sect_bl_uncompress_flash_text.LzFind.471
                0x00803508       0x18 ap_bootloader.elf.lto.o
 .sect_bl_uncompress_flash_text.LzFind.481
                0x00803520       0x12 ap_bootloader.elf.lto.o
 .sect_bl_uncompress_flash_text.LzFind.501
                0x00803532       0x26 ap_bootloader.elf.lto.o
 .sect_bl_uncompress_flash_text.LzFind.710
                0x00803558       0x52 ap_bootloader.elf.lto.o
 .sect_bl_uncompress_flash_text.LzFind.753
                0x008035aa       0x64 ap_bootloader.elf.lto.o
 .sect_bl_uncompress_flash_text.LzFind.1017
                0x0080360e       0x1e ap_bootloader.elf.lto.o
 .sect_bl_uncompress_flash_text.LzFind.1471
                0x0080362c       0xa8 ap_bootloader.elf.lto.o
 .sect_bl_uncompress_flash_text.LzFind.1455
                0x008036d4       0x9c ap_bootloader.elf.lto.o
 .sect_bl_uncompress_flash_text.LzFind.1440
                0x00803770       0x84 ap_bootloader.elf.lto.o
 .sect_bl_uncompress_flash_text.LzFind.1418
                0x008037f4       0x60 ap_bootloader.elf.lto.o
 .sect_bl_uncompress_flash_text.LzFind.1533
                0x00803854       0xba ap_bootloader.elf.lto.o
 .sect_bl_uncompress_flash_text.LzFind.1336
                0x0080390e      0x18c ap_bootloader.elf.lto.o
 .sect_bl_uncompress_flash_text.LzFind.1518
                0x00803a9a       0xac ap_bootloader.elf.lto.o
 .sect_bl_uncompress_flash_text.LzFind.1268
                0x00803b46      0x162 ap_bootloader.elf.lto.o
 .sect_bl_uncompress_flash_text.LzFind.880
                0x00803ca8       0xec ap_bootloader.elf.lto.o
 .sect_bl_uncompress_flash_text.LzFind.1196
                0x00803d94      0x190 ap_bootloader.elf.lto.o
 .sect_bl_uncompress_flash_text.LzFind.1128
                0x00803f24      0x16c ap_bootloader.elf.lto.o
 .sect_bl_uncompress_flash_text.LzFind.1087
                0x00804090       0xf6 ap_bootloader.elf.lto.o
 .sect_bl_uncompress_flash_text.LzFind.1062
                0x00804186       0x66 ap_bootloader.elf.lto.o
 .sect_bl_uncompress_flash_text.LzFind.1561
                0x008041ec       0x90 ap_bootloader.elf.lto.o
 .sect_bl_uncompress_flash_text.LzmaEnc.702
                0x0080427c       0x24 ap_bootloader.elf.lto.o
 .sect_bl_uncompress_flash_text.LzmaEnc.715
                0x008042a0       0x32 ap_bootloader.elf.lto.o
 .sect_bl_uncompress_flash_text.LzmaEnc.727
                0x008042d2       0x76 ap_bootloader.elf.lto.o
 .sect_bl_uncompress_flash_text.LzmaEnc.759
                0x00804348       0x24 ap_bootloader.elf.lto.o
 .sect_bl_uncompress_flash_text.LzmaEnc.822
                0x0080436c       0x26 ap_bootloader.elf.lto.o
 .sect_bl_uncompress_flash_text.LzmaEnc.831
                0x00804392       0x7e ap_bootloader.elf.lto.o
 .sect_bl_uncompress_flash_text.LzmaEnc.848
                0x00804410       0x90 ap_bootloader.elf.lto.o
 .sect_bl_uncompress_flash_text.LzmaEnc.872
                0x008044a0       0x34 ap_bootloader.elf.lto.o
 .sect_bl_uncompress_flash_text.LzmaEnc.910
                0x008044d4       0x2a ap_bootloader.elf.lto.o
 .sect_bl_uncompress_flash_text.LzmaEnc.925
                0x008044fe       0x42 ap_bootloader.elf.lto.o
 .sect_bl_uncompress_flash_text.LzmaEnc.942
                0x00804540       0x7e ap_bootloader.elf.lto.o
 .sect_bl_uncompress_flash_text.LzmaEnc.961
                0x008045be       0x28 ap_bootloader.elf.lto.o
 .sect_bl_uncompress_flash_text.LzmaEnc.970
                0x008045e6      0x1ca ap_bootloader.elf.lto.o
 .sect_bl_uncompress_flash_text.LzmaEnc.1005
                0x008047b0       0x68 ap_bootloader.elf.lto.o
 .sect_bl_uncompress_flash_text.LzmaEnc.1121
                0x00804818       0x68 ap_bootloader.elf.lto.o
 .sect_bl_uncompress_flash_text.LzmaEnc.1183
                0x00804880       0x86 ap_bootloader.elf.lto.o
 .sect_bl_uncompress_flash_text.LzmaEnc.1209
                0x00804906       0x8a ap_bootloader.elf.lto.o
 .sect_bl_uncompress_flash_text.LzmaEnc.2012
                0x00804990      0x238 ap_bootloader.elf.lto.o
 .sect_bl_uncompress_flash_text.LzmaEnc.2142
                0x00804bc8      0x160 ap_bootloader.elf.lto.o
 .sect_bl_uncompress_flash_text.LzmaEnc.2203
                0x00804d28       0x2e ap_bootloader.elf.lto.o
 .sect_bl_uncompress_flash_text.LzmaEnc.2232
                0x00804d56       0x32 ap_bootloader.elf.lto.o
 .sect_bl_uncompress_flash_text.LzmaEnc.2244
                0x00804d88       0x96 ap_bootloader.elf.lto.o
 .sect_bl_uncompress_flash_text.LzmaEnc.2813
                0x00804e1e      0x108 ap_bootloader.elf.lto.o
 .sect_bl_uncompress_flash_text.LzmaEnc.1021
                0x00804f26       0xfa ap_bootloader.elf.lto.o
 .sect_bl_uncompress_flash_text.LzmaEnc.72
                0x00805020       0x36 ap_bootloader.elf.lto.o
 .sect_bl_uncompress_flash_text.LzmaEnc.82
                0x00805056       0x82 ap_bootloader.elf.lto.o
 .sect_bl_uncompress_flash_text.LzmaEnc.574
                0x008050d8       0xb2 ap_bootloader.elf.lto.o
 .sect_bl_uncompress_flash_text.LzmaEnc.2363
                0x0080518a       0x36 ap_bootloader.elf.lto.o
 .sect_bl_uncompress_flash_text.LzmaEnc.1261
                0x008051c0      0xcec ap_bootloader.elf.lto.o
 .sect_bl_uncompress_flash_text.LzmaEnc.218
                0x00805eac       0x10 ap_bootloader.elf.lto.o
 .sect_bl_uncompress_flash_text.LzmaEnc.2268
                0x00805ebc      0x224 ap_bootloader.elf.lto.o
 .sect_bl_uncompress_flash_text.LzmaEnc.2884
                0x008060e0       0x6c ap_bootloader.elf.lto.o
 .sect_bl_uncompress_flash_text.7zFile.50
                0x0080614c        0x6 ap_bootloader.elf.lto.o
 *fill*         0x00806152        0x2 
 .sect_bl_uncompress_flash_text.7zFile.743
                0x00806154        0xc ap_bootloader.elf.lto.o
 .sect_bl_uncompress_flash_text.7zFile.784
                0x00806160        0xc ap_bootloader.elf.lto.o
 .sect_bl_uncompress_flash_text.LzmaDec.718
                0x0080616c      0x416 ap_bootloader.elf.lto.o
 .sect_bl_uncompress_flash_text.LzmaDec.236
                0x00806582      0xf94 ap_bootloader.elf.lto.o
 .sect_bl_uncompress_flash_text.LzmaDec.689
                0x00807516       0x2e ap_bootloader.elf.lto.o
 .sect_bl_uncompress_flash_text.LzmaDec.619
                0x00807544       0x4e ap_bootloader.elf.lto.o
 *fill*         0x00807592        0x2 
 .sect_bl_uncompress_flash_text.LzmaDec.956
                0x00807594      0x2c4 ap_bootloader.elf.lto.o
 .sect_bl_uncompress_flash_text.LzmaDec.1204
                0x00807858       0xd2 ap_bootloader.elf.lto.o
 *fill*         0x0080792a        0x2 
 .sect_bl_uncompress_flash_text.LzmaEc.71
                0x0080792c       0x7c ap_bootloader.elf.lto.o
 .sect_bl_uncompress_flash_text.LzmaEc.684
                0x008079a8       0x64 ap_bootloader.elf.lto.o
 .sect_bl_uncompress_flash_text.pwrkey.78
                0x00807a0c       0x3c ap_bootloader.elf.lto.o
 .sect_bl_uncompress_flash_text.tls.128
                0x00807a48       0x14 ap_bootloader.elf.lto.o
 .sect_bl_uncompress_flash_text.tls.63
                0x00807a5c       0x78 ap_bootloader.elf.lto.o
 .sect_bl_uncompress_flash_text.tls.385
                0x00807ad4       0x40 ap_bootloader.elf.lto.o
 .sect_bl_uncompress_flash_text.prec_init.175
                0x00807b14       0x40 ap_bootloader.elf.lto.o
 .sect_bl_uncompress_flash_text.prec_init.152
                0x00807b54       0x40 ap_bootloader.elf.lto.o
 .sect_bl_uncompress_flash_text.bl_bsp.36
                0x00807b94       0x12 ap_bootloader.elf.lto.o
 .sect_bl_uncompress_flash_text.bl_bsp.139
                0x00807ba6       0x28 ap_bootloader.elf.lto.o
 *fill*         0x00807bce        0x2 
 .sect_bl_uncompress_flash_text.7zFile.268
                0x00807bd0       0x60 ap_bootloader.elf.lto.o
 .sect_bl_uncompress_flash_text.7zFile.776
                0x00807c30       0x16 ap_bootloader.elf.lto.o
 *fill*         0x00807c46        0x2 
 .sect_bl_uncompress_flash_text.7zFile.165
                0x00807c48       0x78 ap_bootloader.elf.lto.o
 .sect_bl_uncompress_flash_text.7zFile.735
                0x00807cc0       0x16 ap_bootloader.elf.lto.o
 *fill*         0x00807cd6        0x2 
 .sect_bl_uncompress_flash_text.tls.196
                0x00807cd8       0x28 ap_bootloader.elf.lto.o
 .sect_bl_uncompress_flash_text.tls.319
                0x00807d00       0x98 ap_bootloader.elf.lto.o
 .sect_bl_uncompress_flash_text.LzmaEc.288
                0x00807d98       0x30 ap_bootloader.elf.lto.o
 .sect_bl_uncompress_flash_text.LzmaEnc.2388
                0x00807dc8       0x18 ap_bootloader.elf.lto.o
 .sect_bl_uncompress_flash_text.LzmaEnc.3093
                0x00807de0       0x64 ap_bootloader.elf.lto.o
 .sect_bl_uncompress_flash_text.LzmaEnc.680
                0x00807e44       0x24 ap_bootloader.elf.lto.o
 .sect_bl_uncompress_flash_text.LzmaEnc.2401
                0x00807e68        0xe ap_bootloader.elf.lto.o
 *fill*         0x00807e76        0x2 
 .sect_bl_uncompress_flash_text.LzFind.259
                0x00807e78       0x1c ap_bootloader.elf.lto.o
 .sect_bl_uncompress_flash_text.LzFind.247
                0x00807e94        0x6 ap_bootloader.elf.lto.o
 .sect_bl_uncompress_flash_text.LzFind.71
                0x00807e9a        0x8 ap_bootloader.elf.lto.o
 *fill*         0x00807ea2        0x2 
 .sect_bl_uncompress_flash_text.LzmaEnc.2427
                0x00807ea4      0x760 ap_bootloader.elf.lto.o
 .sect_bl_uncompress_flash_text.LzmaEnc.3046
                0x00808604       0x16 ap_bootloader.elf.lto.o
 .sect_bl_uncompress_flash_text.LzmaDec.1271
                0x0080861a       0x3c ap_bootloader.elf.lto.o
 .sect_bl_uncompress_flash_text.LzmaDec.1259
                0x00808656        0x6 ap_bootloader.elf.lto.o
 .sect_bl_uncompress_flash_text.LzmaDec.1253
                0x0080865c        0x6 ap_bootloader.elf.lto.o
 .sect_bl_uncompress_flash_text.LzmaDec.910
                0x00808662       0x10 ap_bootloader.elf.lto.o
 .sect_bl_uncompress_flash_text.LzmaDec.925
                0x00808672        0x8 ap_bootloader.elf.lto.o
 *fill*         0x0080867a        0x2 
 .sect_bl_uncompress_flash_text.bl_bsp.150
                0x0080867c       0x54 ap_bootloader.elf.lto.o
 .sect_bl_uncompress_flash_text.gpr.639
                0x008086d0       0x16 ap_bootloader.elf.lto.o
 *fill*         0x008086e6        0x2 
 .sect_bl_uncompress_flash_text.hal_trim.713
                0x008086e8       0xd0 ap_bootloader.elf.lto.o
 .sect_bl_uncompress_flash_text.system_ec7xx.156
                0x008087b8       0x3c ap_bootloader.elf.lto.o
 .sect_bl_uncompress_flash_text.gpr.448
                0x008087f4       0x44 ap_bootloader.elf.lto.o
 .sect_bl_uncompress_flash_text.LzmaDec.1297
                0x00808838       0x40 ap_bootloader.elf.lto.o
 .sect_bl_uncompress_flash_text.LzmaDec.1334
                0x00808878       0x8c ap_bootloader.elf.lto.o
 .sect_bl_uncompress_flash_text.LzmaEc.158
                0x00808904       0x84 ap_bootloader.elf.lto.o
 .sect_bl_uncompress_flash_text.LzFind.253
                0x00808988        0xe ap_bootloader.elf.lto.o
 *fill*         0x00808996        0x2 
 .sect_bl_uncompress_flash_text.LzFind.81
                0x00808998       0x34 ap_bootloader.elf.lto.o
 .sect_bl_uncompress_flash_text.LzFind.311
                0x008089cc       0xf4 ap_bootloader.elf.lto.o
 .sect_bl_uncompress_flash_text.LzmaEnc.2731
                0x00808ac0       0x94 ap_bootloader.elf.lto.o
 .sect_bl_uncompress_flash_text.LzmaEnc.2902
                0x00808b54       0x4c ap_bootloader.elf.lto.o
 .sect_bl_uncompress_flash_text.LzmaEnc.2919
                0x00808ba0       0x10 ap_bootloader.elf.lto.o
 .sect_bl_uncompress_flash_text.LzmaEnc.3085
                0x00808bb0       0x16 ap_bootloader.elf.lto.o
 .sect_bl_uncompress_flash_text.LzmaEc.206
                0x00808bc6       0x96 ap_bootloader.elf.lto.o
 .sect_bl_uncompress_flash_text.LzmaEc.241
                0x00808c5c       0x88 ap_bootloader.elf.lto.o
 .sect_bl_uncompress_flash_text.ec_main.157
                0x00808ce4       0x40 ap_bootloader.elf.lto.o
 .sect_bl_uncompress_flash_text.ec_main.276
                0x00808d24       0x10 ap_bootloader.elf.lto.o
                0x00808d24                NMI_Handler
 .sect_bl_uncompress_flash_text.ec_main.283
                0x00808d34        0x2 ap_bootloader.elf.lto.o
                0x00808d34                MemManage_Handler
 .sect_bl_uncompress_flash_text.ec_main.288
                0x00808d36        0x2 ap_bootloader.elf.lto.o
                0x00808d36                BusFault_Handler
 .sect_bl_uncompress_flash_text.ec_main.293
                0x00808d38        0x2 ap_bootloader.elf.lto.o
                0x00808d38                UsageFault_Handler
 .sect_bl_uncompress_flash_text.ec_main.298
                0x00808d3a        0x2 ap_bootloader.elf.lto.o
                0x00808d3a                DebugMon_Handler
 .sect_bl_uncompress_flash_text.ec_main.303
                0x00808d3c        0x2 ap_bootloader.elf.lto.o
                0x00808d3c                SVC_Handler
 .sect_bl_uncompress_flash_text.ec_main.307
                0x00808d3e        0x2 ap_bootloader.elf.lto.o
                0x00808d3e                PendSV_Handler
 .sect_bl_uncompress_flash_text.ec_main.312
                0x00808d40        0x2 ap_bootloader.elf.lto.o
                0x00808d40                SysTick_Handler
 .sect_bl_uncompress_flash_text.stub_os.79
                0x00808d42        0x2 ap_bootloader.elf.lto.o
                0x00808d42                STUB_WakeupIntHandler
 .sect_bl_uncompress_flash_text.stub_os.84
                0x00808d44        0x2 ap_bootloader.elf.lto.o
                0x00808d44                PwrKey_WakeupIntHandler
 .sect_bl_uncompress_flash_text.stub_os.89
                0x00808d46        0x2 ap_bootloader.elf.lto.o
                0x00808d46                ChrgPad_WakeupIntHandler
 .sect_bl_uncompress_flash_text.LzmaEc.739
                0x00808d48        0x4 ap_bootloader.elf.lto.o
                0x00808d48                decompressRamCodeGetAddrInfo
 .sect_bl_uncompress_flash_text.LzmaEc.758
                0x00808d4c      0x3b8 ap_bootloader.elf.lto.o
                0x00808d4c                decompressRamCodeFromBin
 .sect_bl_uncompress_flash_text.prec_init.240
                0x00809104       0x12 ap_bootloader.elf.lto.o
 .sect_bl_uncompress_flash_text.prec_init.197
                0x00809116       0x18 ap_bootloader.elf.lto.o
 *fill*         0x0080912e        0x2 
 .sect_bl_uncompress_flash_text.system_ec7xx.277
                0x00809130       0x94 ap_bootloader.elf.lto.o
                0x00809130                SystemInit
 *(.sect_bl_uncompress_flash_rodata.*)
 .sect_bl_uncompress_flash_rodata.gpr.123
                0x008091c4       0x90 ap_bootloader.elf.lto.o
 .sect_bl_uncompress_flash_rodata.hal_misc.45
                0x00809254      0x400 ap_bootloader.elf.lto.o
 *(.sect_cache_text.*)
 .sect_cache_text.cache.19
                0x00809654       0x24 ap_bootloader.elf.lto.o
 .sect_cache_text.cache.56
                0x00809678       0x14 ap_bootloader.elf.lto.o
 *(.sect_cache_rodata.*)
 *(.text.memset)
 .text.memset   0x0080968c       0x10 c:/gcc/bin/../lib/gcc/arm-none-eabi/10.2.1/../../../../arm-none-eabi/lib/thumb/v7-m/nofp\libc_nano.a(lib_a-memset.o)
                0x0080968c                memset

.load_airam_pre1
                0x00000000      0x1a0 load address 0x0080969c
                0x00000000                . = ALIGN (0x4)
                0x0080969c                Load$$LOAD_AIRAM_PRE1$$Base = LOADADDR (.load_airam_pre1)
                0x00000000                Image$$LOAD_AIRAM_PRE1$$Base = .
 *(.sect_bl_airam_pre1_text.*)
 .sect_bl_airam_pre1_text.gpr.2363
                0x00000000       0x2a ap_bootloader.elf.lto.o
 *fill*         0x0000002a        0x2 
 .sect_bl_airam_pre1_text.gpr.873
                0x0000002c       0x68 ap_bootloader.elf.lto.o
 .sect_bl_airam_pre1_text.system_ec7xx.252
                0x00000094        0xe ap_bootloader.elf.lto.o
 *fill*         0x000000a2        0x2 
 .sect_bl_airam_pre1_text.efuse.223
                0x000000a4       0xd4 ap_bootloader.elf.lto.o
 *(.sect_bl_airam_pre1_rodata.*)
 *(.sect_platdelay_text.*)
 .sect_platdelay_text.hal_misc.75
                0x00000178        0x8 ap_bootloader.elf.lto.o
 .sect_platdelay_text.hal_misc.142
                0x00000180       0x20 ap_bootloader.elf.lto.o
                0x000001a0                . = ALIGN (0x4)
                0x000001a0                Image$$LOAD_AIRAM_PRE1$$Length = SIZEOF (.load_airam_pre1)

.load_airam_pre2
                0x000001a0      0x900 load address 0x0080983c
                0x000001a0                . = ALIGN (0x4)
                0x0080983c                Load$$LOAD_AIRAM_PRE2$$Base = LOADADDR (.load_airam_pre2)
                0x000001a0                Image$$LOAD_AIRAM_PRE2$$Base = .
 *(.sect_bl_airam_pre2_text.*)
 .sect_bl_airam_pre2_text.aonreg.78
                0x000001a0       0x10 ap_bootloader.elf.lto.o
 .sect_bl_airam_pre2_text.cpmureg.16
                0x000001b0       0x48 ap_bootloader.elf.lto.o
 .sect_bl_airam_pre2_text.ec_main.642
                0x000001f8       0x10 ap_bootloader.elf.lto.o
 .sect_bl_airam_pre2_text.ec_main.140
                0x00000208       0x18 ap_bootloader.elf.lto.o
 .sect_bl_airam_pre2_text.bl_bsp.99
                0x00000220       0x12 ap_bootloader.elf.lto.o
 *(.sect_bl_airam_pre2_rodata.*)
 *(.sect_qspi_text.*)
 .sect_qspi_text.qspi.1110
                0x00000232       0x70 ap_bootloader.elf.lto.o
 *fill*         0x000002a2        0x2 
 .sect_qspi_text.qspi.352
                0x000002a4       0x14 ap_bootloader.elf.lto.o
 .sect_qspi_text.qspi.1535
                0x000002b8       0x20 ap_bootloader.elf.lto.o
 .sect_qspi_text.qspi.1048
                0x000002d8       0x34 ap_bootloader.elf.lto.o
 .sect_qspi_text.qspi.1079
                0x0000030c       0x14 ap_bootloader.elf.lto.o
 .sect_qspi_text.qspi.382
                0x00000320       0x30 ap_bootloader.elf.lto.o
 .sect_qspi_text.qspi.437
                0x00000350       0x7c ap_bootloader.elf.lto.o
 .sect_qspi_text.qspi.934
                0x000003cc       0xb4 ap_bootloader.elf.lto.o
 .sect_qspi_text.qspi.787
                0x00000480       0x78 ap_bootloader.elf.lto.o
 .sect_qspi_text.qspi.852
                0x000004f8      0x10c ap_bootloader.elf.lto.o
 .sect_qspi_text.qspi.256
                0x00000604      0x13c ap_bootloader.elf.lto.o
 .sect_qspi_text.qspi.493
                0x00000740       0xe8 ap_bootloader.elf.lto.o
 *(.sect_flash_pre2text.*)
 .sect_flash_pre2text.flash.253
                0x00000828       0x1e ap_bootloader.elf.lto.o
 *fill*         0x00000846        0x2 
 .sect_flash_pre2text.flash.285
                0x00000848       0x64 ap_bootloader.elf.lto.o
 .sect_flash_pre2text.flash.1979
                0x000008ac       0x64 ap_bootloader.elf.lto.o
 .sect_flash_pre2text.flash.885
                0x00000910      0x170 ap_bootloader.elf.lto.o
 *(.sect_flashlock_text.*)
 .sect_flashlock_text.flashLock.156
                0x00000a80       0x10 ap_bootloader.elf.lto.o
 .sect_flashlock_text.flashLock.182
                0x00000a90       0x10 ap_bootloader.elf.lto.o
                0x00000aa0                . = ALIGN (0x4)
                0x00000900                Image$$LOAD_AIRAM_PRE2$$Length = SIZEOF (.load_airam_pre2)
                0x0080a13c                PROVIDE (flashXIPLimit = LOADADDR (.load_airam_other))

.load_airam_other
                0x00000aa0     0x3af8 load address 0x0080a13c
                0x00000aa0                . = ALIGN (0x4)
                0x0080a13c                Load$$LOAD_AIRAM_OTHER_RAMCODE$$Base = LOADADDR (.load_airam_other)
                0x00000aa0                Image$$LOAD_AIRAM_OTHER_RAMCODE$$Base = .
 *(.rodata*)
 .rodata.str1.1
                0x00000aa0     0x1d83 ap_bootloader.elf.lto.o
                               0x1db7 (size before relaxing)
 *fill*         0x00002823        0x1 
 .rodata        0x00002824      0x1b8 ap_bootloader.elf.lto.o
 *(.text*)
 .text          0x000029dc     0x180c ap_bootloader.elf.lto.o
                0x00003d88                __assert_func
                0x00003da0                nvramAfterInit
                0x00003f24                trimFromCalNv2Aon
                0x00003ff0                rngGenRandom
                0x000040d4                XIC_LatchIRQ
                0x00004150                GPR_csmbAccessEnter
                0x00004182                GPR_csmbAccessExit
                0x000041b4                ShareInfoSetCPTestSlpMode
                0x000041b6                blResetReasonClear
 .text.memmove  0x000041e8       0x34 c:/gcc/bin/../lib/gcc/arm-none-eabi/10.2.1/../../../../arm-none-eabi/lib/thumb/v7-m/nofp\libc_nano.a(lib_a-memmove.o)
                0x000041e8                memmove
 .text.swapfunc
                0x0000421c       0x32 c:/gcc/bin/../lib/gcc/arm-none-eabi/10.2.1/../../../../arm-none-eabi/lib/thumb/v7-m/nofp\libc_nano.a(lib_a-qsort.o)
 .text.med3.constprop.0
                0x0000424e       0x3e c:/gcc/bin/../lib/gcc/arm-none-eabi/10.2.1/../../../../arm-none-eabi/lib/thumb/v7-m/nofp\libc_nano.a(lib_a-qsort.o)
 .text.qsort    0x0000428c      0x2a4 c:/gcc/bin/../lib/gcc/arm-none-eabi/10.2.1/../../../../arm-none-eabi/lib/thumb/v7-m/nofp\libc_nano.a(lib_a-qsort.o)
                0x0000428c                qsort
 .text.strcpy   0x00004530       0x10 c:/gcc/bin/../lib/gcc/arm-none-eabi/10.2.1/../../../../arm-none-eabi/lib/thumb/v7-m/nofp\libc_nano.a(lib_a-strcpy.o)
                0x00004530                strcpy
 .text          0x00004540       0x10 c:/gcc/bin/../lib/gcc/arm-none-eabi/10.2.1/../../../../arm-none-eabi/lib/thumb/v7-m/nofp\libc_nano.a(lib_a-strlen.o)
                0x00004540                strlen
 .text.strncmp  0x00004550       0x28 c:/gcc/bin/../lib/gcc/arm-none-eabi/10.2.1/../../../../arm-none-eabi/lib/thumb/v7-m/nofp\libc_nano.a(lib_a-strncmp.o)
                0x00004550                strncmp
 .text.memcmp   0x00004578       0x20 c:/gcc/bin/../lib/gcc/arm-none-eabi/10.2.1/../../../../arm-none-eabi/lib/thumb/v7-m/nofp\libc_nano.a(lib_a-memcmp.o)
                0x00004578                memcmp
                0x00003af8                Image$$LOAD_AIRAM_OTHER_RAMCODE$$Length = SIZEOF (.load_airam_other)

.load_miram_sct_zi
                0x00400000      0x204
                0x00400000                . = ALIGN (0x4)
                0x00400000                Load$$LOAD_MIRAM_SCT_DATA$$ZI$$Base = LOADADDR (.load_miram_sct_zi)
                0x00400000                Image$$LOAD_MIRAM_SCT_DATA$$ZI$$Base = .
 *(.sect_platBlSctZIData_bss.*)
 .sect_platBlSctZIData_bss.fota_nvm.198
                0x00400000       0x20 ap_bootloader.elf.lto.o
 .sect_platBlSctZIData_bss.tls.18
                0x00400020       0x14 ap_bootloader.elf.lto.o
 *(.sect_decompress_bss.*)
 .sect_decompress_bss.LzmaEc.35
                0x00400034        0x4 ap_bootloader.elf.lto.o
 .sect_decompress_bss.LzmaEc.36
                0x00400038        0xc ap_bootloader.elf.lto.o
 .sect_decompress_bss.LzmaEc.37
                0x00400044        0x4 ap_bootloader.elf.lto.o
 .sect_decompress_bss.LzmaEc.38
                0x00400048        0x4 ap_bootloader.elf.lto.o
 .sect_decompress_bss.LzmaEc.42
                0x0040004c        0x4 ap_bootloader.elf.lto.o
 .sect_decompress_bss.LzmaEc.43
                0x00400050        0x4 ap_bootloader.elf.lto.o
 .sect_decompress_bss.LzmaEc.44
                0x00400054        0x4 ap_bootloader.elf.lto.o
 .sect_decompress_bss.LzmaEc.47
                0x00400058        0x4 ap_bootloader.elf.lto.o
 .sect_decompress_bss.LzmaEc.48
                0x0040005c        0x4 ap_bootloader.elf.lto.o
 .sect_decompress_bss.LzmaEc.50
                0x00400060        0x4 ap_bootloader.elf.lto.o
 .sect_decompress_bss.LzmaEc.54
                0x00400064       0x20 ap_bootloader.elf.lto.o
 .sect_decompress_bss.LzmaEc.55
                0x00400084      0x180 ap_bootloader.elf.lto.o
                0x00400204                . = ALIGN (0x4)
                0x00400204                Image$$LOAD_MIRAM_SCT_DATA$$ZI$$Limit = .
                0x00000204                Image$$LOAD_MIRAM_SCT_DATA$$ZI$$Length = SIZEOF (.load_miram_sct_zi)

.load_airam_shared_data
                0x00004598      0xa48 load address 0x0080dc34
                0x00004598                . = ALIGN (0x4)
                0x0080dc34                Load$$LOAD_AIRAM_SHARED_DATA$$Base = LOADADDR (.load_airam_shared_data)
                0x00004598                Image$$LOAD_AIRAM_SHARED_DATA$$Base = .
 *(.sect_*_data.*)
 .sect_clock_data.clock.51
                0x00004598      0x200 ap_bootloader.elf.lto.o
 .sect_flash_data.flash.226
                0x00004798        0x1 ap_bootloader.elf.lto.o
 *fill*         0x00004799        0x1 
 .sect_flash_data.flash.229
                0x0000479a        0x2 ap_bootloader.elf.lto.o
 .sect_gpr_data.gpr.106
                0x0000479c       0x28 ap_bootloader.elf.lto.o
 .sect_gpr_data.gpr.162
                0x000047c4       0x20 ap_bootloader.elf.lto.o
 *(.data*)
 .data          0x000047e4      0x3cc ap_bootloader.elf.lto.o
                0x00004bb0                . = ALIGN (0x4)
                0x00004bb0                Image$$LOAD_AIRAM_SHARED_DATA$$Limit = .
 *(.USB_NOINIT_DATA_BUF*)
 .USB_NOINIT_DATA_BUF
                0x00004bb0      0x430 ap_bootloader.elf.lto.o
                0x00000a48                Image$$LOAD_AIRAM_SHARED_DATA$$Length = SIZEOF (.load_airam_shared_data)

.load_miram_shared_zi
                0x00400208     0x206c
                0x00400208                . = ALIGN (0x4)
                0x00400208                Load$$LOAD_MIRAM_SHARED$$ZI$$Base = LOADADDR (.load_miram_shared_zi)
                0x00400208                Image$$LOAD_MIRAM_SHARED$$ZI$$Base = .
 *(.sect_*_bss.*)
 .sect_flash_bss.flash.225
                0x00400208      0x158 ap_bootloader.elf.lto.o
 .sect_flash_bss.flash.227
                0x00400360        0x4 ap_bootloader.elf.lto.o
 .sect_gpr_bss.gpr.175
                0x00400364        0x4 ap_bootloader.elf.lto.o
 .sect_ic_bss.ic.69
                0x00400368        0x4 ap_bootloader.elf.lto.o
 .sect_platconfig_bss.plat_config.853
                0x0040036c       0x3b ap_bootloader.elf.lto.o
 *(.bss*)
 *fill*         0x004003a7        0x1 
 .bss           0x004003a8      0xec2 ap_bootloader.elf.lto.o
 *(.stack)
 *fill*         0x0040126a        0x6 
 .stack         0x00401270     0x1000 ../../../../../../../PLAT/gccout/ec7xx_0h00_ec716e/ap/bootloader/lib/libstartup.a(startup_ec7xx_gcc.o)
                0x00401270                __StackLimit
                0x00402270                __StackTop
                0x00402270                Image$$LOAD_MIRAM_SHARED$$ZI$$Limit = .
                0x00402270                . = ALIGN (0x4)
 *(.sect_boot_noInit.*)
 .sect_boot_noInit.system_ec7xx.68
                0x00402270        0x4 ap_bootloader.elf.lto.o
                0x00402274                PROVIDE (end_msmb_software_loc = .)
                0x0000206c                Image$$LOAD_MIRAM_SHARED$$ZI$$Length = SIZEOF (.load_miram_shared_zi)

.load_ciram     0x00204000     0xb564 load address 0x0080e67c
                0x00204000                . = ALIGN (0x4)
                0x0080e67c                Load$$LOAD_CIRAM_RAMCODE$$Base = LOADADDR (.load_ciram)
                0x00204000                Image$$LOAD_CIRAM_RAMCODE$$Base = .
 *fota_nvm.o(.text*)
 *(.sect_bl_ciram_flash_text.*)
 .sect_bl_ciram_flash_text.ec_main.509
                0x00204000       0x10 ap_bootloader.elf.lto.o
 .sect_bl_ciram_flash_text.bl_print.16
                0x00204010       0x50 ap_bootloader.elf.lto.o
 .sect_bl_ciram_flash_text.bl_print.43
                0x00204060       0x92 ap_bootloader.elf.lto.o
 *fill*         0x002040f2        0x2 
 .sect_bl_ciram_flash_text.plat_config.860
                0x002040f4       0x9c ap_bootloader.elf.lto.o
 .sect_bl_ciram_flash_text.hal_misc.245
                0x00204190       0x2c ap_bootloader.elf.lto.o
 .sect_bl_ciram_flash_text.wdt.105
                0x002041bc       0x24 ap_bootloader.elf.lto.o
 .sect_bl_ciram_flash_text.wdt.174
                0x002041e0       0x28 ap_bootloader.elf.lto.o
 .sect_bl_ciram_flash_text.wdt.184
                0x00204208       0x28 ap_bootloader.elf.lto.o
 .sect_bl_ciram_flash_text.usb_bl_api.58
                0x00204230       0x2c ap_bootloader.elf.lto.o
 .sect_bl_ciram_flash_text.function_vcom_inherent.336
                0x0020425c       0x94 ap_bootloader.elf.lto.o
 .sect_bl_ciram_flash_text.fota_nvm.993
                0x002042f0        0x4 ap_bootloader.elf.lto.o
 .sect_bl_ciram_flash_text.fota_mem.70
                0x002042f4        0x4 ap_bootloader.elf.lto.o
 .sect_bl_ciram_flash_text.fota_mem.83
                0x002042f8        0x8 ap_bootloader.elf.lto.o
 .sect_bl_ciram_flash_text.fota_mem.116
                0x00204300        0x4 ap_bootloader.elf.lto.o
 .sect_bl_ciram_flash_text.fota_callbacks.46
                0x00204304        0xc ap_bootloader.elf.lto.o
 .sect_bl_ciram_flash_text.fota_callbacks.51
                0x00204310        0xc ap_bootloader.elf.lto.o
 .sect_bl_ciram_flash_text.fota_callbacks.71
                0x0020431c       0x10 ap_bootloader.elf.lto.o
 .sect_bl_ciram_flash_text.fota_callbacks.113
                0x0020432c        0xc ap_bootloader.elf.lto.o
 .sect_bl_ciram_flash_text.fota_man.1556
                0x00204338        0x8 ap_bootloader.elf.lto.o
 .sect_bl_ciram_flash_text.fota_callbacks.76
                0x00204340       0x30 ap_bootloader.elf.lto.o
 .sect_bl_ciram_flash_text.fota_patch.498
                0x00204370       0x24 ap_bootloader.elf.lto.o
 .sect_bl_ciram_flash_text.bspatch.117
                0x00204394       0x20 ap_bootloader.elf.lto.o
 .sect_bl_ciram_flash_text.bspatch.48
                0x002043b4       0x72 ap_bootloader.elf.lto.o
 .sect_bl_ciram_flash_text.bspatch.131
                0x00204426       0x4e ap_bootloader.elf.lto.o
 .sect_bl_ciram_flash_text.memory_pool.177
                0x00204474       0x30 ap_bootloader.elf.lto.o
 .sect_bl_ciram_flash_text.memory_pool.214
                0x002044a4       0x10 ap_bootloader.elf.lto.o
 .sect_bl_ciram_flash_text.varint.5
                0x002044b4       0x28 ap_bootloader.elf.lto.o
 .sect_bl_ciram_flash_text.varint.69
                0x002044dc       0x30 ap_bootloader.elf.lto.o
 .sect_bl_ciram_flash_text.uint_vector_s.112
                0x0020450c       0x12 ap_bootloader.elf.lto.o
 .sect_bl_ciram_flash_text.uint_vector_s.188
                0x0020451e       0x14 ap_bootloader.elf.lto.o
 *fill*         0x00204532        0x2 
 .sect_bl_ciram_flash_text.instruction.85
                0x00204534       0x40 ap_bootloader.elf.lto.o
 .sect_bl_ciram_flash_text.instruction.103
                0x00204574       0x40 ap_bootloader.elf.lto.o
 .sect_bl_ciram_flash_text.bl_uart.18
                0x002045b4      0x38c ap_bootloader.elf.lto.o
 .sect_bl_ciram_flash_text.tls.370
                0x00204940       0x30 ap_bootloader.elf.lto.o
 .sect_bl_ciram_flash_text.tls.23
                0x00204970       0x7c ap_bootloader.elf.lto.o
 .sect_bl_ciram_flash_text.gpr.1734
                0x002049ec       0x98 ap_bootloader.elf.lto.o
 .sect_bl_ciram_flash_text.bl_uart.126
                0x00204a84       0x3c ap_bootloader.elf.lto.o
 .sect_bl_ciram_flash_text.ec_main.596
                0x00204ac0       0x38 ap_bootloader.elf.lto.o
 .sect_bl_ciram_flash_text.bl_uart.42
                0x00204af8       0xc0 ap_bootloader.elf.lto.o
 .sect_bl_ciram_flash_text.bl_bsp.184
                0x00204bb8       0x2a ap_bootloader.elf.lto.o
 .sect_bl_ciram_flash_text.device_vcom.88
                0x00204be2       0x5c ap_bootloader.elf.lto.o
 *fill*         0x00204c3e        0x2 
 .sect_bl_ciram_flash_text.device_vcom.361
                0x00204c40       0x18 ap_bootloader.elf.lto.o
 .sect_bl_ciram_flash_text.device_vcom.1131
                0x00204c58       0x30 ap_bootloader.elf.lto.o
 .sect_bl_ciram_flash_text.function_vcom_tpl.1199
                0x00204c88       0x6a ap_bootloader.elf.lto.o
 .sect_bl_ciram_flash_text.usbc_bsp.382
                0x00204cf2       0x16 ap_bootloader.elf.lto.o
 .sect_bl_ciram_flash_text.usbpcd_proc_api.728
                0x00204d08       0x50 ap_bootloader.elf.lto.o
 .sect_bl_ciram_flash_text.usbd_funclib.536
                0x00204d58       0xe4 ap_bootloader.elf.lto.o
 .sect_bl_ciram_flash_text.bzlib.124
                0x00204e3c        0x4 ap_bootloader.elf.lto.o
 .sect_bl_ciram_flash_text.bzlib.131
                0x00204e40        0x2 ap_bootloader.elf.lto.o
 .sect_bl_ciram_flash_text.nvram.144
                0x00204e42       0x2a ap_bootloader.elf.lto.o
 .sect_bl_ciram_flash_text.plat_config.56
                0x00204e6c       0x40 ap_bootloader.elf.lto.o
 .sect_bl_ciram_flash_text.ec_main.496
                0x00204eac       0x28 ap_bootloader.elf.lto.o
 .sect_bl_ciram_flash_text.bl_uart.147
                0x00204ed4       0x48 ap_bootloader.elf.lto.o
 .sect_bl_ciram_flash_text.ec_main.395
                0x00204f1c       0x28 ap_bootloader.elf.lto.o
 .sect_bl_ciram_flash_text.bl_bsp.46
                0x00204f44       0x44 ap_bootloader.elf.lto.o
 .sect_bl_ciram_flash_text.bl_bsp.175
                0x00204f88        0x4 ap_bootloader.elf.lto.o
 .sect_bl_ciram_flash_text.hal_trim.555
                0x00204f8c      0x210 ap_bootloader.elf.lto.o
 .sect_bl_ciram_flash_text.fota_callbacks.103
                0x0020519c       0x10 ap_bootloader.elf.lto.o
 .sect_bl_ciram_flash_text.usbpcd_proc_api.435
                0x002051ac       0x1c ap_bootloader.elf.lto.o
 .sect_bl_ciram_flash_text.usbc_ctrl.1029
                0x002051c8       0x98 ap_bootloader.elf.lto.o
 .sect_bl_ciram_flash_text.usbc_dev_if.145
                0x00205260       0x64 ap_bootloader.elf.lto.o
 .sect_bl_ciram_flash_text.function_vcom_tpl.329
                0x002052c4       0x76 ap_bootloader.elf.lto.o
 *fill*         0x0020533a        0x2 
 .sect_bl_ciram_flash_text.usbc_dev_if.116
                0x0020533c       0xcc ap_bootloader.elf.lto.o
 .sect_bl_ciram_flash_text.function_vcom_tpl.269
                0x00205408       0x92 ap_bootloader.elf.lto.o
 *fill*         0x0020549a        0x2 
 .sect_bl_ciram_flash_text.usbc_ctrl.267
                0x0020549c       0x3c ap_bootloader.elf.lto.o
 .sect_bl_ciram_flash_text.usbc_dev_if.197
                0x002054d8       0xf0 ap_bootloader.elf.lto.o
 .sect_bl_ciram_flash_text.usbpcd_proc_req.95
                0x002055c8       0x38 ap_bootloader.elf.lto.o
 .sect_bl_ciram_flash_text.function_vcom_tpl.923
                0x00205600       0x5a ap_bootloader.elf.lto.o
 *fill*         0x0020565a        0x2 
 .sect_bl_ciram_flash_text.usbc_dev_if.269
                0x0020565c       0x6c ap_bootloader.elf.lto.o
 .sect_bl_ciram_flash_text.usb_bl_cmsis_support.123
                0x002056c8       0x78 ap_bootloader.elf.lto.o
 .sect_bl_ciram_flash_text.function_vcom_tpl.468
                0x00205740       0x54 ap_bootloader.elf.lto.o
 .sect_bl_ciram_flash_text.bl_bsp.82
                0x00205794       0x12 ap_bootloader.elf.lto.o
 *fill*         0x002057a6        0x2 
 .sect_bl_ciram_flash_text.fota_callbacks.66
                0x002057a8        0xc ap_bootloader.elf.lto.o
 .sect_bl_ciram_flash_text.fota_man.1467
                0x002057b4       0x40 ap_bootloader.elf.lto.o
 .sect_bl_ciram_flash_text.usbd_multi.573
                0x002057f4       0xd8 ap_bootloader.elf.lto.o
 .sect_bl_ciram_flash_text.bzlib.1190
                0x002058cc       0x4e ap_bootloader.elf.lto.o
 *fill*         0x0020591a        0x2 
 .sect_bl_ciram_flash_text.bzlib.1120
                0x0020591c       0x98 ap_bootloader.elf.lto.o
 .sect_bl_ciram_flash_text.image_s.330
                0x002059b4       0x3c ap_bootloader.elf.lto.o
 .sect_bl_ciram_flash_text.function_vcom_inherent.153
                0x002059f0      0x128 ap_bootloader.elf.lto.o
 .sect_bl_ciram_flash_text.usbpcd_proc_api.707
                0x00205b18       0x30 ap_bootloader.elf.lto.o
 .sect_bl_ciram_flash_text.usbd_multi.76
                0x00205b48      0x4f0 ap_bootloader.elf.lto.o
 .sect_bl_ciram_flash_text.function_vcom_tpl.607
                0x00206038       0x64 ap_bootloader.elf.lto.o
 .sect_bl_ciram_flash_text.function_vcom_tpl.829
                0x0020609c       0x56 ap_bootloader.elf.lto.o
 *fill*         0x002060f2        0x2 
 .sect_bl_ciram_flash_text.fota_patch.990
                0x002060f4       0x64 ap_bootloader.elf.lto.o
 .sect_bl_ciram_flash_text.image_s.358
                0x00206158       0x42 ap_bootloader.elf.lto.o
 *fill*         0x0020619a        0x2 
 .sect_bl_ciram_flash_text.hls.198
                0x0020619c      0x2b8 ap_bootloader.elf.lto.o
 .sect_bl_ciram_flash_text.usbpcd_proc_req.24
                0x00206454       0x24 ap_bootloader.elf.lto.o
 .sect_bl_ciram_flash_text.usbd_funclib.166
                0x00206478       0x5c ap_bootloader.elf.lto.o
 .sect_bl_ciram_flash_text.device_vcom.439
                0x002064d4       0xfe ap_bootloader.elf.lto.o
 .sect_bl_ciram_flash_text.device_vcom.490
                0x002065d2       0x9a ap_bootloader.elf.lto.o
 .sect_bl_ciram_flash_text.device_vcom.734
                0x0020666c       0xdc ap_bootloader.elf.lto.o
 .sect_bl_ciram_flash_text.usbpcd_proc.231
                0x00206748       0xd8 ap_bootloader.elf.lto.o
 .sect_bl_ciram_flash_text.function_vcom_tpl.1292
                0x00206820      0x2fc ap_bootloader.elf.lto.o
 .sect_bl_ciram_flash_text.device_vcom.244
                0x00206b1c       0x2a ap_bootloader.elf.lto.o
 *fill*         0x00206b46        0x2 
 .sect_bl_ciram_flash_text.usbpcd_proc.156
                0x00206b48      0x3f0 ap_bootloader.elf.lto.o
 .sect_bl_ciram_flash_text.function_vcom_tpl.380
                0x00206f38       0xdc ap_bootloader.elf.lto.o
 .sect_bl_ciram_flash_text.usbpcd_proc.186
                0x00207014       0x74 ap_bootloader.elf.lto.o
 .sect_bl_ciram_flash_text.fota_nvm.937
                0x00207088       0x98 ap_bootloader.elf.lto.o
 .sect_bl_ciram_flash_text.function_vcom_tpl.1028
                0x00207120       0x98 ap_bootloader.elf.lto.o
 .sect_bl_ciram_flash_text.image_s.97
                0x002071b8       0x26 ap_bootloader.elf.lto.o
 .sect_bl_ciram_flash_text.image_s.79
                0x002071de       0x22 ap_bootloader.elf.lto.o
 .sect_bl_ciram_flash_text.image_s.27
                0x00207200       0x7a ap_bootloader.elf.lto.o
 *fill*         0x0020727a        0x2 
 .sect_bl_ciram_flash_text.usb_bl_api.49
                0x0020727c       0x48 ap_bootloader.elf.lto.o
 .sect_bl_ciram_flash_text.ec_main.368
                0x002072c4       0xc0 ap_bootloader.elf.lto.o
 .sect_bl_ciram_flash_text.ec_main.376
                0x00207384       0x3c ap_bootloader.elf.lto.o
 .sect_bl_ciram_flash_text.ec_main.409
                0x002073c0       0x24 ap_bootloader.elf.lto.o
 .sect_bl_ciram_flash_text.bl_print.7
                0x002073e4       0x12 ap_bootloader.elf.lto.o
 *fill*         0x002073f6        0x2 
 .sect_bl_ciram_flash_text.bl_print.195
                0x002073f8      0x114 ap_bootloader.elf.lto.o
 .sect_bl_ciram_flash_text.bl_print.284
                0x0020750c      0x1b4 ap_bootloader.elf.lto.o
 .sect_bl_ciram_flash_text.plat_config.1157
                0x002076c0       0x98 ap_bootloader.elf.lto.o
 .sect_bl_ciram_flash_text.fota_man.1304
                0x00207758       0x58 ap_bootloader.elf.lto.o
 .sect_bl_ciram_flash_text.fota_nvm.1228
                0x002077b0       0x3c ap_bootloader.elf.lto.o
 .sect_bl_ciram_flash_text.fota_nvm.1209
                0x002077ec       0x3c ap_bootloader.elf.lto.o
 .sect_bl_ciram_flash_text.fota_nvm.1190
                0x00207828       0x40 ap_bootloader.elf.lto.o
 .sect_bl_ciram_flash_text.fota_nvm.498
                0x00207868       0xbc ap_bootloader.elf.lto.o
 .sect_bl_ciram_flash_text.fota_nvm.1076
                0x00207924        0x4 ap_bootloader.elf.lto.o
 .sect_bl_ciram_flash_text.fota_nvm.589
                0x00207928       0xd0 ap_bootloader.elf.lto.o
 .sect_bl_ciram_flash_text.fota_nvm.1045
                0x002079f8       0xbc ap_bootloader.elf.lto.o
 .sect_bl_ciram_flash_text.fota_zipcodec.81
                0x00207ab4       0x4c ap_bootloader.elf.lto.o
 .sect_bl_ciram_flash_text.fota_custom.133
                0x00207b00       0x58 ap_bootloader.elf.lto.o
 .sect_bl_ciram_flash_text.fota_chksum.87
                0x00207b58       0x38 ap_bootloader.elf.lto.o
 .sect_bl_ciram_flash_text.fota_chksum.65
                0x00207b90       0x1c ap_bootloader.elf.lto.o
 .sect_bl_ciram_flash_text.fota_chksum.41
                0x00207bac       0x28 ap_bootloader.elf.lto.o
 .sect_bl_ciram_flash_text.fota_man.459
                0x00207bd4      0x11c ap_bootloader.elf.lto.o
 .sect_bl_ciram_flash_text.fota_man.1166
                0x00207cf0       0x6c ap_bootloader.elf.lto.o
 .sect_bl_ciram_flash_text.fota_parchive.119
                0x00207d5c       0x2c ap_bootloader.elf.lto.o
 .sect_bl_ciram_flash_text.fota_man.1050
                0x00207d88       0x98 ap_bootloader.elf.lto.o
 .sect_bl_ciram_flash_text.fota_man.1501
                0x00207e20       0x44 ap_bootloader.elf.lto.o
 .sect_bl_ciram_flash_text.fota_nvm.833
                0x00207e64       0x94 ap_bootloader.elf.lto.o
 .sect_bl_ciram_flash_text.plat_config.985
                0x00207ef8       0x2c ap_bootloader.elf.lto.o
 .sect_bl_ciram_flash_text.fota_patch.474
                0x00207f24       0x4c ap_bootloader.elf.lto.o
 .sect_bl_ciram_flash_text.fota_patch.513
                0x00207f70      0x380 ap_bootloader.elf.lto.o
 .sect_bl_ciram_flash_text.fota_hls.132
                0x002082f0       0x78 ap_bootloader.elf.lto.o
 .sect_bl_ciram_flash_text.fota_man.659
                0x00208368      0x114 ap_bootloader.elf.lto.o
 .sect_bl_ciram_flash_text.fota_man.1486
                0x0020847c       0x38 ap_bootloader.elf.lto.o
 .sect_bl_ciram_flash_text.fota_man.1132
                0x002084b4       0x64 ap_bootloader.elf.lto.o
 .sect_bl_ciram_flash_text.wdt.123
                0x00208518       0x3c ap_bootloader.elf.lto.o
 .sect_bl_ciram_flash_text.ec_main.325
                0x00208554       0x30 ap_bootloader.elf.lto.o
 .sect_bl_ciram_flash_text.ec_main.339
                0x00208584       0x94 ap_bootloader.elf.lto.o
 .sect_bl_ciram_flash_text.bzlib.1208
                0x00208618     0x22e4 ap_bootloader.elf.lto.o
 .sect_bl_ciram_flash_text.fota_patch.115
                0x0020a8fc      0x110 ap_bootloader.elf.lto.o
 .sect_bl_ciram_flash_text.fota_patch.725
                0x0020aa0c     0x17a8 ap_bootloader.elf.lto.o
 .sect_bl_ciram_flash_text.fota_man.528
                0x0020c1b4      0x6a4 ap_bootloader.elf.lto.o
 .sect_bl_ciram_flash_text.fota_nvm.1026
                0x0020c858      0x154 ap_bootloader.elf.lto.o
 .sect_bl_ciram_flash_text.syscalls.71
                0x0020c9ac        0x2 ap_bootloader.elf.lto.o
                0x0020c9ac                _exit
 *fill*         0x0020c9ae        0x2 
 .sect_bl_ciram_flash_text.plat_config.1023
                0x0020c9b0      0x1ac ap_bootloader.elf.lto.o
                0x0020c9b0                BSP_LoadPlatConfigFromRawFlash
 .sect_bl_ciram_flash_text.ec_main.523
                0x0020cb5c       0x8c ap_bootloader.elf.lto.o
 .sect_bl_ciram_flash_text.usbd_multi_usrcfg_custom.293
                0x0020cbe8      0x540 ap_bootloader.elf.lto.o
                0x0020cbe8                USB_IRQ_Handler
 .sect_bl_ciram_flash_text.fota_custom.285
                0x0020d128      0x698 ap_bootloader.elf.lto.o
 .sect_bl_ciram_flash_text.ec_main.611
                0x0020d7c0      0x634 ap_bootloader.elf.lto.o
                0x0020d7c0                ec_main
 *(.sect_bl_ciram_flash_rodata.*)
 .sect_bl_ciram_flash_rodata.crctable.32
                0x0020ddf4      0x400 ap_bootloader.elf.lto.o
 .sect_bl_ciram_flash_rodata.fota_man.258
                0x0020e1f4       0xb8 ap_bootloader.elf.lto.o
 .sect_bl_ciram_flash_rodata.randtable.26
                0x0020e2ac      0x800 ap_bootloader.elf.lto.o
 *(.sect_flash_text.*)
 .sect_flash_text.flash.461
                0x0020eaac        0xc ap_bootloader.elf.lto.o
 .sect_flash_text.flash.2970
                0x0020eab8       0x18 ap_bootloader.elf.lto.o
 .sect_flash_text.flash.445
                0x0020ead0       0x24 ap_bootloader.elf.lto.o
 .sect_flash_text.flash.516
                0x0020eaf4       0x44 ap_bootloader.elf.lto.o
 .sect_flash_text.flash.338
                0x0020eb38       0x74 ap_bootloader.elf.lto.o
 .sect_flash_text.flash.738
                0x0020ebac       0x94 ap_bootloader.elf.lto.o
 .sect_flash_text.flash.394
                0x0020ec40       0x70 ap_bootloader.elf.lto.o
 .sect_flash_text.flash.474
                0x0020ecb0       0x50 ap_bootloader.elf.lto.o
 .sect_flash_text.flash.1747
                0x0020ed00       0xc4 ap_bootloader.elf.lto.o
 .sect_flash_text.flash.1858
                0x0020edc4       0xa4 ap_bootloader.elf.lto.o
 .sect_flash_text.flash.557
                0x0020ee68       0xcc ap_bootloader.elf.lto.o
 .sect_flash_text.flash.2226
                0x0020ef34       0x64 ap_bootloader.elf.lto.o
 .sect_flash_text.flash.2324
                0x0020ef98        0x8 ap_bootloader.elf.lto.o
 .sect_flash_text.flash.3014
                0x0020efa0       0x24 ap_bootloader.elf.lto.o
 .sect_flash_text.flash.3031
                0x0020efc4       0x24 ap_bootloader.elf.lto.o
 .sect_flash_text.flash.3054
                0x0020efe8       0x74 ap_bootloader.elf.lto.o
 .sect_flash_text.flash.1401
                0x0020f05c       0xb8 ap_bootloader.elf.lto.o
 .sect_flash_text.flash.1268
                0x0020f114       0xcc ap_bootloader.elf.lto.o
 .sect_flash_text.flash.1073
                0x0020f1e0       0x98 ap_bootloader.elf.lto.o
 *(.sect_platPARamcode_text.*)
 .sect_platPARamcode_text.gpr.404
                0x0020f278       0x28 ap_bootloader.elf.lto.o
 .sect_platPARamcode_text.gpr.414
                0x0020f2a0       0x28 ap_bootloader.elf.lto.o
 .sect_platPARamcode_text.gpr.771
                0x0020f2c8       0x38 ap_bootloader.elf.lto.o
 .sect_platPARamcode_text.gpr.785
                0x0020f300       0x44 ap_bootloader.elf.lto.o
 .sect_platPARamcode_text.clock.252
                0x0020f344       0x84 ap_bootloader.elf.lto.o
 .sect_platPARamcode_text.gpr.808
                0x0020f3c8       0x3c ap_bootloader.elf.lto.o
 .sect_platPARamcode_text.clock.302
                0x0020f404       0x6c ap_bootloader.elf.lto.o
 *(.memcpy.armv7m*)
 .memcpy.armv7m
                0x0020f470       0xec ../../../../../../../PLAT/gccout/ec7xx_0h00_ec716e/ap/bootloader/lib/libdriver.a(memcpy-armv7m.o)
                0x0020f470                memcpy
 *(.glue_7)
 .glue_7        0x0020f55c        0x0 linker stubs
 *(.glue_7t)
 .glue_7t       0x0020f55c        0x0 linker stubs
 *(.vfp11_veneer)
 .vfp11_veneer  0x0020f55c        0x0 linker stubs
 *(.v4_bx)
 .v4_bx         0x0020f55c        0x0 linker stubs
 *(.init*)
 .init          0x0020f55c        0x4 c:/gcc/bin/../lib/gcc/arm-none-eabi/10.2.1/thumb/v7-m/nofp/crti.o
                0x0020f55c                _init
 *(.fini*)
 .fini          0x0020f560        0x4 c:/gcc/bin/../lib/gcc/arm-none-eabi/10.2.1/thumb/v7-m/nofp/crti.o
                0x0020f560                _fini
 *(.iplt)
 .iplt          0x0020f564        0x0 ../../../../../../../PLAT/gccout/ec7xx_0h00_ec716e/ap/bootloader/lib/libstartup.a(startup_ec7xx_gcc.o)
 *(.igot.plt)
 .igot.plt      0x0020f564        0x0 ../../../../../../../PLAT/gccout/ec7xx_0h00_ec716e/ap/bootloader/lib/libstartup.a(startup_ec7xx_gcc.o)
 *(.rel.iplt)
 .rel.iplt      0x0020f564        0x0 ../../../../../../../PLAT/gccout/ec7xx_0h00_ec716e/ap/bootloader/lib/libstartup.a(startup_ec7xx_gcc.o)
                0x0020f564                . = ALIGN (0x4)
                0x0000b564                Image$$LOAD_CIRAM_RAMCODE$$Length = SIZEOF (.load_ciram)
                0x00402800                _fota_mux_buf_start = 0x402800
                0x00500000                _fota_mux_buf_end = 0x500000
                0x00000001                ASSERT ((_fota_mux_buf_start >= end_msmb_software_loc), bootloader software use too much msmb, overlap with fota buf!)
                0x00402800                _compress_buf_start = 0x402800
                0x004bce00                _compress_buf_end = 0x4bce00
                0x00402800                _decompress_buf_start = 0x402800
                0x0043f400                _decompress_buf_end = 0x43f400
                0x00200010                _heap_memory_start = 0x200010
                0x00204000                _heap_memory_end = 0x204000
                0x00003ff0                __heap_memory_size = (_heap_memory_end - _heap_memory_start)
                0x00000001                ASSERT ((__heap_memory_size <= 0x3ff0), Can't expand the size of heap, with the risk of overwriting other Sram!)
START GROUP
LOAD c:/gcc/bin/../lib/gcc/arm-none-eabi/10.2.1/thumb/v7-m/nofp\libgcc.a
LOAD c:/gcc/bin/../lib/gcc/arm-none-eabi/10.2.1/../../../../arm-none-eabi/lib/thumb/v7-m/nofp\libc.a
LOAD c:/gcc/bin/../lib/gcc/arm-none-eabi/10.2.1/../../../../arm-none-eabi/lib/thumb/v7-m/nofp\libm.a
END GROUP
OUTPUT(../../../../../../../PLAT/gccout/ec7xx_0h00_ec716e/ap/bootloader/ap_bootloader.elf elf32-littlearm)
LOAD linker stubs

.ARM.attributes
                0x00000000       0x29
 .ARM.attributes
                0x00000000       0x1d c:/gcc/bin/../lib/gcc/arm-none-eabi/10.2.1/thumb/v7-m/nofp/crti.o
 .ARM.attributes
                0x0000001d       0x2b ap_bootloader.elf.lto.o
 .ARM.attributes
                0x00000048       0x21 ../../../../../../../PLAT/gccout/ec7xx_0h00_ec716e/ap/bootloader/lib/libstartup.a(startup_ec7xx_gcc.o)
 .ARM.attributes
                0x00000069       0x1b ../../../../../../../PLAT/gccout/ec7xx_0h00_ec716e/ap/bootloader/lib/libdriver.a(memcpy-armv7m.o)
 .ARM.attributes
                0x00000084       0x2d c:/gcc/bin/../lib/gcc/arm-none-eabi/10.2.1/../../../../arm-none-eabi/lib/thumb/v7-m/nofp\libc_nano.a(lib_a-memmove.o)
 .ARM.attributes
                0x000000b1       0x2d c:/gcc/bin/../lib/gcc/arm-none-eabi/10.2.1/../../../../arm-none-eabi/lib/thumb/v7-m/nofp\libc_nano.a(lib_a-memset.o)
 .ARM.attributes
                0x000000de       0x2d c:/gcc/bin/../lib/gcc/arm-none-eabi/10.2.1/../../../../arm-none-eabi/lib/thumb/v7-m/nofp\libc_nano.a(lib_a-qsort.o)
 .ARM.attributes
                0x0000010b       0x2d c:/gcc/bin/../lib/gcc/arm-none-eabi/10.2.1/../../../../arm-none-eabi/lib/thumb/v7-m/nofp\libc_nano.a(lib_a-strcpy.o)
 .ARM.attributes
                0x00000138       0x17 c:/gcc/bin/../lib/gcc/arm-none-eabi/10.2.1/../../../../arm-none-eabi/lib/thumb/v7-m/nofp\libc_nano.a(lib_a-strlen.o)
 .ARM.attributes
                0x0000014f       0x2d c:/gcc/bin/../lib/gcc/arm-none-eabi/10.2.1/../../../../arm-none-eabi/lib/thumb/v7-m/nofp\libc_nano.a(lib_a-strncmp.o)
 .ARM.attributes
                0x0000017c       0x2d c:/gcc/bin/../lib/gcc/arm-none-eabi/10.2.1/../../../../arm-none-eabi/lib/thumb/v7-m/nofp\libc_nano.a(lib_a-memcmp.o)

.comment        0x00000000       0x4d
 .comment       0x00000000       0x4d ap_bootloader.elf.lto.o
                                 0x4e (size before relaxing)

.debug_info     0x00000000    0x37777
 .debug_info    0x00000000    0x1a746 ap_bootloader.elf.lto.o
 .debug_info    0x0001a746      0xf99 C:\Users\z\AppData\Local\Temp\cc7qw6aY.debug.temp.o
                0x0001a746                ec_main.c.c34ac5d9
 .debug_info    0x0001b6df      0xbea C:\Users\z\AppData\Local\Temp\ccOZLsxK.debug.temp.o
                0x0001b6df                bl_uart.c.242abde5
 .debug_info    0x0001c2c9      0x365 C:\Users\z\AppData\Local\Temp\cc3ZwY9v.debug.temp.o
                0x0001c2c9                bl_print.c.3f7a68cc
 .debug_info    0x0001c62e      0x629 C:\Users\z\AppData\Local\Temp\cc15Vif3.debug.temp.o
                0x0001c62e                stub_os.c.93ce1f66
 .debug_info    0x0001cc57      0x967 C:\Users\z\AppData\Local\Temp\ccskNRgP.debug.temp.o
                0x0001cc57                image.c.c28c1cc8
 .debug_info    0x0001d5be      0x4f4 C:\Users\z\AppData\Local\Temp\ccPSXc9A.debug.temp.o
                0x0001d5be                sha256.c.50bea894
 .debug_info    0x0001dab2      0x252 C:\Users\z\AppData\Local\Temp\cczbriy7.debug.temp.o
                0x0001dab2                prec_init.c.fe08f1ad
 .debug_info    0x0001dd04      0x4ce C:\Users\z\AppData\Local\Temp\ccqXCWJS.debug.temp.o
                0x0001dd04                syscalls.c.c6efcd51
 .debug_info    0x0001e1d2      0x8f7 C:\Users\z\AppData\Local\Temp\cc7d1zSH.debug.temp.o
                0x0001e1d2                system_ec7xx.c.a6c50665
 .debug_info    0x0001eac9      0x7cb C:\Users\z\AppData\Local\Temp\cc2DMkVw.debug.temp.o
                0x0001eac9                plat_config.c.3be620cb
 .debug_info    0x0001f294      0x6b0 C:\Users\z\AppData\Local\Temp\ccqlCOHb.debug.temp.o
                0x0001f294                hal_misc.c.23a55d98
 .debug_info    0x0001f944      0x968 C:\Users\z\AppData\Local\Temp\cc8eFICP.debug.temp.o
                0x0001f944                gpio.c.12e8e29d
 .debug_info    0x000202ac      0x863 C:\Users\z\AppData\Local\Temp\cc5l6l4D.debug.temp.o
                0x000202ac                pad.c.210f23c8
 .debug_info    0x00020b0f      0x727 C:\Users\z\AppData\Local\Temp\ccAYw9Ws.debug.temp.o
                0x00020b0f                wdt.c.a02de143
 .debug_info    0x00021236      0xaca C:\Users\z\AppData\Local\Temp\ccdpX8Dh.debug.temp.o
                0x00021236                oneWire.c.743540d2
 .debug_info    0x00021d00      0xe62 C:\Users\z\AppData\Local\Temp\ccA1daF5.debug.temp.o
                0x00021d00                clock.c.14b59766
 .debug_info    0x00022b62      0x207 C:\Users\z\AppData\Local\Temp\cc7Of8wT.debug.temp.o
                0x00022b62                usbd_proc_cb_custom.c.94497614
 .debug_info    0x00022d69      0xc64 C:\Users\z\AppData\Local\Temp\cc2GjhtH.debug.temp.o
                0x00022d69                usbd_multi_usrcfg_custom.c.57bf5549
 .debug_info    0x000239cd      0x2f0 C:\Users\z\AppData\Local\Temp\ccRvfOPv.debug.temp.o
                0x000239cd                usb_bl_api.c.3f3ba9df
 .debug_info    0x00023cbd      0x7e2 C:\Users\z\AppData\Local\Temp\ccKsg63j.debug.temp.o
                0x00023cbd                usb_bl_test.c.5611e124
 .debug_info    0x0002449f      0xd77 C:\Users\z\AppData\Local\Temp\ccDlzak7.debug.temp.o
                0x0002449f                function_vcom_inherent.c.671d7d61
 .debug_info    0x00025216      0x88e C:\Users\z\AppData\Local\Temp\ccqDSTEU.debug.temp.o
                0x00025216                function_vcom_custp1.c.6bf8300e
 .debug_info    0x00025aa4      0xa63 C:\Users\z\AppData\Local\Temp\cctfQGoI.debug.temp.o
                0x00025aa4                function_vcom_custp2.c.f687e2e6
 .debug_info    0x00026507      0x1e2 C:\Users\z\AppData\Local\Temp\ccQbNCYv.debug.temp.o
                0x00026507                mw_aal_hash.c.75fd3efc
 .debug_info    0x000266e9      0xec6 C:\Users\z\AppData\Local\Temp\ccfNotun.debug.temp.o
                0x000266e9                nvram.c.1a6c7081
 .debug_info    0x000275af      0x63e C:\Users\z\AppData\Local\Temp\ccUc48Qe.debug.temp.o
                0x000275af                fota_utils.c.be8972ae
 .debug_info    0x00027bed      0xe41 C:\Users\z\AppData\Local\Temp\ccNZvXH6.debug.temp.o
                0x00027bed                fota_nvm.c.3382a590
 .debug_info    0x00028a2e      0x18d C:\Users\z\AppData\Local\Temp\ccuuXkFX.debug.temp.o
                0x00028a2e                fota_zipcodec.c.f137cead
 .debug_info    0x00028bbb      0x63d C:\Users\z\AppData\Local\Temp\cc7awosO.debug.temp.o
                0x00028bbb                fota_entry.c.f1f122d2
 .debug_info    0x000291f8      0x1fb C:\Users\z\AppData\Local\Temp\ccssswJF.debug.temp.o
                0x000291f8                fota_mem.c.1d139639
 .debug_info    0x000293f3      0x982 C:\Users\z\AppData\Local\Temp\ccRVtO3v.debug.temp.o
                0x000293f3                fota_custom.c.193ea007
 .debug_info    0x00029d75      0x61e C:\Users\z\AppData\Local\Temp\cc6vVmvm.debug.temp.o
                0x00029d75                fota_chksum.c.29d4e709
 .debug_info    0x0002a393      0x472 C:\Users\z\AppData\Local\Temp\ccZamzAz.debug.temp.o
                0x0002a393                Xz.c.2da565c4
 .debug_info    0x0002a805      0x296 C:\Users\z\AppData\Local\Temp\ccpHErVX.debug.temp.o
                0x0002a805                g7zCrc.c.20148b2b
 .debug_info    0x0002aa9b      0x1db C:\Users\z\AppData\Local\Temp\ccnlzZnJ.debug.temp.o
                0x0002aa9b                XzCrc64.c.ac947d78
 .debug_info    0x0002ac76     0x1930 C:\Users\z\AppData\Local\Temp\ccXpHxYe.debug.temp.o
                0x0002ac76                LzFind.c.1f79befc
 .debug_info    0x0002c5a6     0x2d89 C:\Users\z\AppData\Local\Temp\ccKAmjK3.debug.temp.o
                0x0002c5a6                LzmaEnc.c.37ef30eb
 .debug_info    0x0002f32f      0x19b C:\Users\z\AppData\Local\Temp\ccweMniV.debug.temp.o
                0x0002f32f                g7zAlloc.c.45dc5abe
 .debug_info    0x0002f4ca      0x33c C:\Users\z\AppData\Local\Temp\ccf1lo4G.debug.temp.o
                0x0002f4ca                Alloc.c.2c4fe7db
 .debug_info    0x0002f806      0x5da C:\Users\z\AppData\Local\Temp\cc0Ti2sC.debug.temp.o
                0x0002f806                Aes.c.dc28e762
 .debug_info    0x0002fde0     0x1f6d C:\Users\z\AppData\Local\Temp\ccJMvdZl.debug.temp.o
                0x0002fde0                g7zArcIn.c.6715ca45
 .debug_info    0x00031d4d     0x10b9 C:\Users\z\AppData\Local\Temp\ccqlZiFg.debug.temp.o
                0x00031d4d                g7zFile.c.1fe264cc
 .debug_info    0x00032e06      0xe9c C:\Users\z\AppData\Local\Temp\ccFYx3Xc.debug.temp.o
                0x00032e06                LzmaDec.c.4dfbf3c8
 .debug_info    0x00033ca2     0x1e24 C:\Users\z\AppData\Local\Temp\cc8D2MrR.debug.temp.o
                0x00033ca2                LzmaEc.c.b72acad9
 .debug_info    0x00035ac6     0x1c65 C:\Users\z\AppData\Local\Temp\ccHAOstO.debug.temp.o
                0x00035ac6                uECC.c.1fc69cfc
 .debug_info    0x0003772b       0x26 ../../../../../../../PLAT/gccout/ec7xx_0h00_ec716e/ap/bootloader/lib/libstartup.a(startup_ec7xx_gcc.o)
 .debug_info    0x00037751       0x26 ../../../../../../../PLAT/gccout/ec7xx_0h00_ec716e/ap/bootloader/lib/libdriver.a(memcpy-armv7m.o)

.debug_abbrev   0x00000000     0x53ed
 .debug_abbrev  0x00000000      0xc68 ap_bootloader.elf.lto.o
 .debug_abbrev  0x00000c68      0x2c6 C:\Users\z\AppData\Local\Temp\cc7qw6aY.debug.temp.o
 .debug_abbrev  0x00000f2e      0x1b9 C:\Users\z\AppData\Local\Temp\ccOZLsxK.debug.temp.o
 .debug_abbrev  0x000010e7      0x126 C:\Users\z\AppData\Local\Temp\cc3ZwY9v.debug.temp.o
 .debug_abbrev  0x0000120d      0x14c C:\Users\z\AppData\Local\Temp\cc15Vif3.debug.temp.o
 .debug_abbrev  0x00001359      0x17b C:\Users\z\AppData\Local\Temp\ccskNRgP.debug.temp.o
 .debug_abbrev  0x000014d4      0x16e C:\Users\z\AppData\Local\Temp\ccPSXc9A.debug.temp.o
 .debug_abbrev  0x00001642       0xc5 C:\Users\z\AppData\Local\Temp\cczbriy7.debug.temp.o
 .debug_abbrev  0x00001707      0x129 C:\Users\z\AppData\Local\Temp\ccqXCWJS.debug.temp.o
 .debug_abbrev  0x00001830      0x183 C:\Users\z\AppData\Local\Temp\cc7d1zSH.debug.temp.o
 .debug_abbrev  0x000019b3      0x224 C:\Users\z\AppData\Local\Temp\cc2DMkVw.debug.temp.o
 .debug_abbrev  0x00001bd7      0x170 C:\Users\z\AppData\Local\Temp\ccqlCOHb.debug.temp.o
 .debug_abbrev  0x00001d47      0x1d5 C:\Users\z\AppData\Local\Temp\cc8eFICP.debug.temp.o
 .debug_abbrev  0x00001f1c      0x157 C:\Users\z\AppData\Local\Temp\cc5l6l4D.debug.temp.o
 .debug_abbrev  0x00002073      0x1e2 C:\Users\z\AppData\Local\Temp\ccAYw9Ws.debug.temp.o
 .debug_abbrev  0x00002255      0x1cf C:\Users\z\AppData\Local\Temp\ccdpX8Dh.debug.temp.o
 .debug_abbrev  0x00002424      0x235 C:\Users\z\AppData\Local\Temp\ccA1daF5.debug.temp.o
 .debug_abbrev  0x00002659       0xaa C:\Users\z\AppData\Local\Temp\cc7Of8wT.debug.temp.o
 .debug_abbrev  0x00002703      0x187 C:\Users\z\AppData\Local\Temp\cc2GjhtH.debug.temp.o
 .debug_abbrev  0x0000288a       0xe5 C:\Users\z\AppData\Local\Temp\ccRvfOPv.debug.temp.o
 .debug_abbrev  0x0000296f      0x195 C:\Users\z\AppData\Local\Temp\ccKsg63j.debug.temp.o
 .debug_abbrev  0x00002b04      0x1b0 C:\Users\z\AppData\Local\Temp\ccDlzak7.debug.temp.o
 .debug_abbrev  0x00002cb4      0x166 C:\Users\z\AppData\Local\Temp\ccqDSTEU.debug.temp.o
 .debug_abbrev  0x00002e1a      0x175 C:\Users\z\AppData\Local\Temp\cctfQGoI.debug.temp.o
 .debug_abbrev  0x00002f8f       0xfc C:\Users\z\AppData\Local\Temp\ccQbNCYv.debug.temp.o
 .debug_abbrev  0x0000308b      0x1fa C:\Users\z\AppData\Local\Temp\ccfNotun.debug.temp.o
 .debug_abbrev  0x00003285      0x1b1 C:\Users\z\AppData\Local\Temp\ccUc48Qe.debug.temp.o
 .debug_abbrev  0x00003436      0x202 C:\Users\z\AppData\Local\Temp\ccNZvXH6.debug.temp.o
 .debug_abbrev  0x00003638       0xc5 C:\Users\z\AppData\Local\Temp\ccuuXkFX.debug.temp.o
 .debug_abbrev  0x000036fd       0xca C:\Users\z\AppData\Local\Temp\cc7awosO.debug.temp.o
 .debug_abbrev  0x000037c7       0xf1 C:\Users\z\AppData\Local\Temp\ccssswJF.debug.temp.o
 .debug_abbrev  0x000038b8      0x1d0 C:\Users\z\AppData\Local\Temp\ccRVtO3v.debug.temp.o
 .debug_abbrev  0x00003a88       0xee C:\Users\z\AppData\Local\Temp\cc6vVmvm.debug.temp.o
 .debug_abbrev  0x00003b76      0x186 C:\Users\z\AppData\Local\Temp\ccZamzAz.debug.temp.o
 .debug_abbrev  0x00003cfc      0x133 C:\Users\z\AppData\Local\Temp\ccpHErVX.debug.temp.o
 .debug_abbrev  0x00003e2f      0x11b C:\Users\z\AppData\Local\Temp\ccnlzZnJ.debug.temp.o
 .debug_abbrev  0x00003f4a      0x240 C:\Users\z\AppData\Local\Temp\ccXpHxYe.debug.temp.o
 .debug_abbrev  0x0000418a      0x259 C:\Users\z\AppData\Local\Temp\ccKAmjK3.debug.temp.o
 .debug_abbrev  0x000043e3       0xf4 C:\Users\z\AppData\Local\Temp\ccweMniV.debug.temp.o
 .debug_abbrev  0x000044d7      0x1d4 C:\Users\z\AppData\Local\Temp\ccf1lo4G.debug.temp.o
 .debug_abbrev  0x000046ab      0x170 C:\Users\z\AppData\Local\Temp\cc0Ti2sC.debug.temp.o
 .debug_abbrev  0x0000481b      0x237 C:\Users\z\AppData\Local\Temp\ccJMvdZl.debug.temp.o
 .debug_abbrev  0x00004a52      0x24c C:\Users\z\AppData\Local\Temp\ccqlZiFg.debug.temp.o
 .debug_abbrev  0x00004c9e      0x21b C:\Users\z\AppData\Local\Temp\ccFYx3Xc.debug.temp.o
 .debug_abbrev  0x00004eb9      0x2b8 C:\Users\z\AppData\Local\Temp\cc8D2MrR.debug.temp.o
 .debug_abbrev  0x00005171      0x254 C:\Users\z\AppData\Local\Temp\ccHAOstO.debug.temp.o
 .debug_abbrev  0x000053c5       0x14 ../../../../../../../PLAT/gccout/ec7xx_0h00_ec716e/ap/bootloader/lib/libstartup.a(startup_ec7xx_gcc.o)
 .debug_abbrev  0x000053d9       0x14 ../../../../../../../PLAT/gccout/ec7xx_0h00_ec716e/ap/bootloader/lib/libdriver.a(memcpy-armv7m.o)

.debug_loc      0x00000000    0x1cdc3
 .debug_loc     0x00000000    0x1cdc3 ap_bootloader.elf.lto.o

.debug_aranges  0x00000000      0xbe8
 .debug_aranges
                0x00000000      0xba8 ap_bootloader.elf.lto.o
 .debug_aranges
                0x00000ba8       0x20 ../../../../../../../PLAT/gccout/ec7xx_0h00_ec716e/ap/bootloader/lib/libstartup.a(startup_ec7xx_gcc.o)
 .debug_aranges
                0x00000bc8       0x20 ../../../../../../../PLAT/gccout/ec7xx_0h00_ec716e/ap/bootloader/lib/libdriver.a(memcpy-armv7m.o)

.debug_ranges   0x00000000     0x3eb8
 .debug_ranges  0x00000000     0x3eb8 ap_bootloader.elf.lto.o

.debug_line     0x00000000    0x296a2
 .debug_line    0x00000000    0x174b4 ap_bootloader.elf.lto.o
 .debug_line    0x000174b4      0x80a C:\Users\z\AppData\Local\Temp\cc7qw6aY.debug.temp.o
 .debug_line    0x00017cbe      0x73f C:\Users\z\AppData\Local\Temp\ccOZLsxK.debug.temp.o
 .debug_line    0x000183fd      0x741 C:\Users\z\AppData\Local\Temp\cc3ZwY9v.debug.temp.o
 .debug_line    0x00018b3e      0x4c9 C:\Users\z\AppData\Local\Temp\cc15Vif3.debug.temp.o
 .debug_line    0x00019007      0x893 C:\Users\z\AppData\Local\Temp\ccskNRgP.debug.temp.o
 .debug_line    0x0001989a      0x2bf C:\Users\z\AppData\Local\Temp\ccPSXc9A.debug.temp.o
 .debug_line    0x00019b59      0x5ee C:\Users\z\AppData\Local\Temp\cczbriy7.debug.temp.o
 .debug_line    0x0001a147      0x60f C:\Users\z\AppData\Local\Temp\ccqXCWJS.debug.temp.o
 .debug_line    0x0001a756      0x7e0 C:\Users\z\AppData\Local\Temp\cc7d1zSH.debug.temp.o
 .debug_line    0x0001af36      0x71f C:\Users\z\AppData\Local\Temp\cc2DMkVw.debug.temp.o
 .debug_line    0x0001b655      0x541 C:\Users\z\AppData\Local\Temp\ccqlCOHb.debug.temp.o
 .debug_line    0x0001bb96      0x4e5 C:\Users\z\AppData\Local\Temp\cc8eFICP.debug.temp.o
 .debug_line    0x0001c07b      0x4e3 C:\Users\z\AppData\Local\Temp\cc5l6l4D.debug.temp.o
 .debug_line    0x0001c55e      0x4e3 C:\Users\z\AppData\Local\Temp\ccAYw9Ws.debug.temp.o
 .debug_line    0x0001ca41      0x64b C:\Users\z\AppData\Local\Temp\ccdpX8Dh.debug.temp.o
 .debug_line    0x0001d08c      0x527 C:\Users\z\AppData\Local\Temp\ccA1daF5.debug.temp.o
 .debug_line    0x0001d5b3      0x2ee C:\Users\z\AppData\Local\Temp\cc7Of8wT.debug.temp.o
 .debug_line    0x0001d8a1      0x5ab C:\Users\z\AppData\Local\Temp\cc2GjhtH.debug.temp.o
 .debug_line    0x0001de4c      0x4f9 C:\Users\z\AppData\Local\Temp\ccRvfOPv.debug.temp.o
 .debug_line    0x0001e345      0x826 C:\Users\z\AppData\Local\Temp\ccKsg63j.debug.temp.o
 .debug_line    0x0001eb6b      0x449 C:\Users\z\AppData\Local\Temp\ccDlzak7.debug.temp.o
 .debug_line    0x0001efb4      0x33b C:\Users\z\AppData\Local\Temp\ccqDSTEU.debug.temp.o
 .debug_line    0x0001f2ef      0x33b C:\Users\z\AppData\Local\Temp\cctfQGoI.debug.temp.o
 .debug_line    0x0001f62a      0x780 C:\Users\z\AppData\Local\Temp\ccQbNCYv.debug.temp.o
 .debug_line    0x0001fdaa      0x768 C:\Users\z\AppData\Local\Temp\ccfNotun.debug.temp.o
 .debug_line    0x00020512      0x6b5 C:\Users\z\AppData\Local\Temp\ccUc48Qe.debug.temp.o
 .debug_line    0x00020bc7      0x74f C:\Users\z\AppData\Local\Temp\ccNZvXH6.debug.temp.o
 .debug_line    0x00021316      0x682 C:\Users\z\AppData\Local\Temp\ccuuXkFX.debug.temp.o
 .debug_line    0x00021998      0x83a C:\Users\z\AppData\Local\Temp\cc7awosO.debug.temp.o
 .debug_line    0x000221d2      0x6ea C:\Users\z\AppData\Local\Temp\ccssswJF.debug.temp.o
 .debug_line    0x000228bc      0x6c6 C:\Users\z\AppData\Local\Temp\ccRVtO3v.debug.temp.o
 .debug_line    0x00022f82      0x8b8 C:\Users\z\AppData\Local\Temp\cc6vVmvm.debug.temp.o
 .debug_line    0x0002383a      0x749 C:\Users\z\AppData\Local\Temp\ccZamzAz.debug.temp.o
 .debug_line    0x00023f83      0x72b C:\Users\z\AppData\Local\Temp\ccpHErVX.debug.temp.o
 .debug_line    0x000246ae      0x72f C:\Users\z\AppData\Local\Temp\ccnlzZnJ.debug.temp.o
 .debug_line    0x00024ddd      0x746 C:\Users\z\AppData\Local\Temp\ccXpHxYe.debug.temp.o
 .debug_line    0x00025523      0x73b C:\Users\z\AppData\Local\Temp\ccKAmjK3.debug.temp.o
 .debug_line    0x00025c5e      0x764 C:\Users\z\AppData\Local\Temp\ccweMniV.debug.temp.o
 .debug_line    0x000263c2      0x760 C:\Users\z\AppData\Local\Temp\ccf1lo4G.debug.temp.o
 .debug_line    0x00026b22      0x727 C:\Users\z\AppData\Local\Temp\cc0Ti2sC.debug.temp.o
 .debug_line    0x00027249      0x740 C:\Users\z\AppData\Local\Temp\ccJMvdZl.debug.temp.o
 .debug_line    0x00027989      0x720 C:\Users\z\AppData\Local\Temp\ccqlZiFg.debug.temp.o
 .debug_line    0x000280a9      0x771 C:\Users\z\AppData\Local\Temp\ccFYx3Xc.debug.temp.o
 .debug_line    0x0002881a      0xa68 C:\Users\z\AppData\Local\Temp\cc8D2MrR.debug.temp.o
 .debug_line    0x00029282      0x2c0 C:\Users\z\AppData\Local\Temp\ccHAOstO.debug.temp.o
 .debug_line    0x00029542       0x9b ../../../../../../../PLAT/gccout/ec7xx_0h00_ec716e/ap/bootloader/lib/libstartup.a(startup_ec7xx_gcc.o)
 .debug_line    0x000295dd       0xc5 ../../../../../../../PLAT/gccout/ec7xx_0h00_ec716e/ap/bootloader/lib/libdriver.a(memcpy-armv7m.o)

.debug_str      0x00000000    0x48781
 .debug_str     0x00000000     0x3a84 ap_bootloader.elf.lto.o
                               0x3ff0 (size before relaxing)
 .debug_str     0x00003a84    0x26b37 C:\Users\z\AppData\Local\Temp\cc7qw6aY.debug.temp.o
                              0x272bf (size before relaxing)
 .debug_str     0x0002a5bb      0x853 C:\Users\z\AppData\Local\Temp\ccOZLsxK.debug.temp.o
                              0x26171 (size before relaxing)
 .debug_str     0x0002ae0e      0x161 C:\Users\z\AppData\Local\Temp\cc3ZwY9v.debug.temp.o
                              0x253f7 (size before relaxing)
 .debug_str     0x0002af6f     0x130b C:\Users\z\AppData\Local\Temp\cc15Vif3.debug.temp.o
                               0xb51c (size before relaxing)
 .debug_str     0x0002c27a      0x4db C:\Users\z\AppData\Local\Temp\ccskNRgP.debug.temp.o
                              0x26534 (size before relaxing)
 .debug_str     0x0002c755      0x5b7 C:\Users\z\AppData\Local\Temp\ccPSXc9A.debug.temp.o
                               0x777c (size before relaxing)
 .debug_str     0x0002cd0c      0x75d C:\Users\z\AppData\Local\Temp\cczbriy7.debug.temp.o
                              0x21d0b (size before relaxing)
 .debug_str     0x0002d469      0x99f C:\Users\z\AppData\Local\Temp\ccqXCWJS.debug.temp.o
                              0x21ae6 (size before relaxing)
 .debug_str     0x0002de08      0x1a0 C:\Users\z\AppData\Local\Temp\cc7d1zSH.debug.temp.o
                              0x2669c (size before relaxing)
 .debug_str     0x0002dfa8     0x3132 C:\Users\z\AppData\Local\Temp\cc2DMkVw.debug.temp.o
                              0x254c2 (size before relaxing)
 .debug_str     0x000310da      0x1f4 C:\Users\z\AppData\Local\Temp\ccqlCOHb.debug.temp.o
                              0x1f63d (size before relaxing)
 .debug_str     0x000312ce      0x34c C:\Users\z\AppData\Local\Temp\cc8eFICP.debug.temp.o
                              0x1fca4 (size before relaxing)
 .debug_str     0x0003161a      0x30f C:\Users\z\AppData\Local\Temp\cc5l6l4D.debug.temp.o
                              0x1fd20 (size before relaxing)
 .debug_str     0x00031929      0x212 C:\Users\z\AppData\Local\Temp\ccAYw9Ws.debug.temp.o
                              0x1fb08 (size before relaxing)
 .debug_str     0x00031b3b      0x90c C:\Users\z\AppData\Local\Temp\ccdpX8Dh.debug.temp.o
                              0x22835 (size before relaxing)
 .debug_str     0x00032447      0x73e C:\Users\z\AppData\Local\Temp\ccA1daF5.debug.temp.o
                              0x22954 (size before relaxing)
 .debug_str     0x00032b85      0x519 C:\Users\z\AppData\Local\Temp\cc7Of8wT.debug.temp.o
                               0x7b38 (size before relaxing)
 .debug_str     0x0003309e      0xa86 C:\Users\z\AppData\Local\Temp\cc2GjhtH.debug.temp.o
                               0xbcdc (size before relaxing)
 .debug_str     0x00033b24      0x2d9 C:\Users\z\AppData\Local\Temp\ccRvfOPv.debug.temp.o
                               0xae81 (size before relaxing)
 .debug_str     0x00033dfd      0x308 C:\Users\z\AppData\Local\Temp\ccKsg63j.debug.temp.o
                              0x26084 (size before relaxing)
 .debug_str     0x00034105      0xdf5 C:\Users\z\AppData\Local\Temp\ccDlzak7.debug.temp.o
                               0xaf02 (size before relaxing)
 .debug_str     0x00034efa      0x15d C:\Users\z\AppData\Local\Temp\ccqDSTEU.debug.temp.o
                               0x7e0b (size before relaxing)
 .debug_str     0x00035057      0x174 C:\Users\z\AppData\Local\Temp\cctfQGoI.debug.temp.o
                               0x7faa (size before relaxing)
 .debug_str     0x000351cb       0xc6 C:\Users\z\AppData\Local\Temp\ccQbNCYv.debug.temp.o
                              0x253df (size before relaxing)
 .debug_str     0x00035291      0xb9a C:\Users\z\AppData\Local\Temp\ccfNotun.debug.temp.o
                              0x23d4a (size before relaxing)
 .debug_str     0x00035e2b     0x23da C:\Users\z\AppData\Local\Temp\ccUc48Qe.debug.temp.o
                              0x23c16 (size before relaxing)
 .debug_str     0x00038205      0xcea C:\Users\z\AppData\Local\Temp\ccNZvXH6.debug.temp.o
                              0x24a79 (size before relaxing)
 .debug_str     0x00038eef       0xb1 C:\Users\z\AppData\Local\Temp\ccuuXkFX.debug.temp.o
                              0x22f76 (size before relaxing)
 .debug_str     0x00038fa0       0xc6 C:\Users\z\AppData\Local\Temp\cc7awosO.debug.temp.o
                              0x26869 (size before relaxing)
 .debug_str     0x00039066      0x1c4 C:\Users\z\AppData\Local\Temp\ccssswJF.debug.temp.o
                              0x226d7 (size before relaxing)
 .debug_str     0x0003922a      0x405 C:\Users\z\AppData\Local\Temp\ccRVtO3v.debug.temp.o
                              0x240a7 (size before relaxing)
 .debug_str     0x0003962f       0xad C:\Users\z\AppData\Local\Temp\cc6vVmvm.debug.temp.o
                              0x26635 (size before relaxing)
 .debug_str     0x000396dc     0x6e02 C:\Users\z\AppData\Local\Temp\ccZamzAz.debug.temp.o
                              0x1346d (size before relaxing)
 .debug_str     0x000404de      0x1ab C:\Users\z\AppData\Local\Temp\ccpHErVX.debug.temp.o
                              0x12d97 (size before relaxing)
 .debug_str     0x00040689      0x1ed C:\Users\z\AppData\Local\Temp\ccnlzZnJ.debug.temp.o
                              0x12dfe (size before relaxing)
 .debug_str     0x00040876     0x180b C:\Users\z\AppData\Local\Temp\ccXpHxYe.debug.temp.o
                              0x14475 (size before relaxing)
 .debug_str     0x00042081     0x1ad3 C:\Users\z\AppData\Local\Temp\ccKAmjK3.debug.temp.o
                              0x14dc2 (size before relaxing)
 .debug_str     0x00043b54       0x8f C:\Users\z\AppData\Local\Temp\ccweMniV.debug.temp.o
                              0x128dd (size before relaxing)
 .debug_str     0x00043be3      0x368 C:\Users\z\AppData\Local\Temp\ccf1lo4G.debug.temp.o
                              0x12bc8 (size before relaxing)
 .debug_str     0x00043f4b      0x5db C:\Users\z\AppData\Local\Temp\cc0Ti2sC.debug.temp.o
                              0x13168 (size before relaxing)
 .debug_str     0x00044526     0x10e6 C:\Users\z\AppData\Local\Temp\ccJMvdZl.debug.temp.o
                              0x13df7 (size before relaxing)
 .debug_str     0x0004560c      0x499 C:\Users\z\AppData\Local\Temp\ccqlZiFg.debug.temp.o
                              0x12c30 (size before relaxing)
 .debug_str     0x00045aa5     0x1322 C:\Users\z\AppData\Local\Temp\ccFYx3Xc.debug.temp.o
                              0x13f90 (size before relaxing)
 .debug_str     0x00046dc7      0x74b C:\Users\z\AppData\Local\Temp\cc8D2MrR.debug.temp.o
                              0x2eae8 (size before relaxing)
 .debug_str     0x00047512     0x115f C:\Users\z\AppData\Local\Temp\ccHAOstO.debug.temp.o
                               0x82fb (size before relaxing)
 .debug_str     0x00048671       0xc9 ../../../../../../../PLAT/gccout/ec7xx_0h00_ec716e/ap/bootloader/lib/libstartup.a(startup_ec7xx_gcc.o)
 .debug_str     0x0004873a       0x47 ../../../../../../../PLAT/gccout/ec7xx_0h00_ec716e/ap/bootloader/lib/libdriver.a(memcpy-armv7m.o)
                                 0xb8 (size before relaxing)

.debug_frame    0x00000000     0x31e8
 .debug_frame   0x00000000     0x30b8 ap_bootloader.elf.lto.o
 .debug_frame   0x000030b8       0x28 c:/gcc/bin/../lib/gcc/arm-none-eabi/10.2.1/../../../../arm-none-eabi/lib/thumb/v7-m/nofp\libc_nano.a(lib_a-memmove.o)
 .debug_frame   0x000030e0       0x20 c:/gcc/bin/../lib/gcc/arm-none-eabi/10.2.1/../../../../arm-none-eabi/lib/thumb/v7-m/nofp\libc_nano.a(lib_a-memset.o)
 .debug_frame   0x00003100       0x78 c:/gcc/bin/../lib/gcc/arm-none-eabi/10.2.1/../../../../arm-none-eabi/lib/thumb/v7-m/nofp\libc_nano.a(lib_a-qsort.o)
 .debug_frame   0x00003178       0x20 c:/gcc/bin/../lib/gcc/arm-none-eabi/10.2.1/../../../../arm-none-eabi/lib/thumb/v7-m/nofp\libc_nano.a(lib_a-strcpy.o)
 .debug_frame   0x00003198       0x28 c:/gcc/bin/../lib/gcc/arm-none-eabi/10.2.1/../../../../arm-none-eabi/lib/thumb/v7-m/nofp\libc_nano.a(lib_a-strncmp.o)
 .debug_frame   0x000031c0       0x28 c:/gcc/bin/../lib/gcc/arm-none-eabi/10.2.1/../../../../arm-none-eabi/lib/thumb/v7-m/nofp\libc_nano.a(lib_a-memcmp.o)

.debug_macro    0x00000000    0x30a4e
 .debug_macro   0x00000000      0x3ed C:\Users\z\AppData\Local\Temp\cc7qw6aY.debug.temp.o
 .debug_macro   0x000003ed      0xb44 C:\Users\z\AppData\Local\Temp\cc7qw6aY.debug.temp.o
 .debug_macro   0x00000f31       0x22 C:\Users\z\AppData\Local\Temp\cc7qw6aY.debug.temp.o
 .debug_macro   0x00000f53       0x8e C:\Users\z\AppData\Local\Temp\cc7qw6aY.debug.temp.o
 .debug_macro   0x00000fe1       0x51 C:\Users\z\AppData\Local\Temp\cc7qw6aY.debug.temp.o
 .debug_macro   0x00001032      0x103 C:\Users\z\AppData\Local\Temp\cc7qw6aY.debug.temp.o
 .debug_macro   0x00001135       0x6a C:\Users\z\AppData\Local\Temp\cc7qw6aY.debug.temp.o
 .debug_macro   0x0000119f      0x1df C:\Users\z\AppData\Local\Temp\cc7qw6aY.debug.temp.o
 .debug_macro   0x0000137e       0xbd C:\Users\z\AppData\Local\Temp\cc7qw6aY.debug.temp.o
 .debug_macro   0x0000143b       0x10 C:\Users\z\AppData\Local\Temp\cc7qw6aY.debug.temp.o
 .debug_macro   0x0000144b       0x48 C:\Users\z\AppData\Local\Temp\cc7qw6aY.debug.temp.o
 .debug_macro   0x00001493       0x2d C:\Users\z\AppData\Local\Temp\cc7qw6aY.debug.temp.o
 .debug_macro   0x000014c0       0x1c C:\Users\z\AppData\Local\Temp\cc7qw6aY.debug.temp.o
 .debug_macro   0x000014dc      0xe22 C:\Users\z\AppData\Local\Temp\cc7qw6aY.debug.temp.o
 .debug_macro   0x000022fe       0xe2 C:\Users\z\AppData\Local\Temp\cc7qw6aY.debug.temp.o
 .debug_macro   0x000023e0       0x1c C:\Users\z\AppData\Local\Temp\cc7qw6aY.debug.temp.o
 .debug_macro   0x000023fc     0x2963 C:\Users\z\AppData\Local\Temp\cc7qw6aY.debug.temp.o
 .debug_macro   0x00004d5f       0x52 C:\Users\z\AppData\Local\Temp\cc7qw6aY.debug.temp.o
 .debug_macro   0x00004db1       0x18 C:\Users\z\AppData\Local\Temp\cc7qw6aY.debug.temp.o
 .debug_macro   0x00004dc9       0x3c C:\Users\z\AppData\Local\Temp\cc7qw6aY.debug.temp.o
 .debug_macro   0x00004e05       0x34 C:\Users\z\AppData\Local\Temp\cc7qw6aY.debug.temp.o
 .debug_macro   0x00004e39       0x16 C:\Users\z\AppData\Local\Temp\cc7qw6aY.debug.temp.o
 .debug_macro   0x00004e4f       0x97 C:\Users\z\AppData\Local\Temp\cc7qw6aY.debug.temp.o
 .debug_macro   0x00004ee6      0x356 C:\Users\z\AppData\Local\Temp\cc7qw6aY.debug.temp.o
 .debug_macro   0x0000523c       0xf6 C:\Users\z\AppData\Local\Temp\cc7qw6aY.debug.temp.o
 .debug_macro   0x00005332       0x10 C:\Users\z\AppData\Local\Temp\cc7qw6aY.debug.temp.o
 .debug_macro   0x00005342       0x16 C:\Users\z\AppData\Local\Temp\cc7qw6aY.debug.temp.o
 .debug_macro   0x00005358       0x43 C:\Users\z\AppData\Local\Temp\cc7qw6aY.debug.temp.o
 .debug_macro   0x0000539b       0x34 C:\Users\z\AppData\Local\Temp\cc7qw6aY.debug.temp.o
 .debug_macro   0x000053cf       0x10 C:\Users\z\AppData\Local\Temp\cc7qw6aY.debug.temp.o
 .debug_macro   0x000053df       0x58 C:\Users\z\AppData\Local\Temp\cc7qw6aY.debug.temp.o
 .debug_macro   0x00005437       0x71 C:\Users\z\AppData\Local\Temp\cc7qw6aY.debug.temp.o
 .debug_macro   0x000054a8       0x16 C:\Users\z\AppData\Local\Temp\cc7qw6aY.debug.temp.o
 .debug_macro   0x000054be      0x12a C:\Users\z\AppData\Local\Temp\cc7qw6aY.debug.temp.o
 .debug_macro   0x000055e8       0x10 C:\Users\z\AppData\Local\Temp\cc7qw6aY.debug.temp.o
 .debug_macro   0x000055f8       0x1c C:\Users\z\AppData\Local\Temp\cc7qw6aY.debug.temp.o
 .debug_macro   0x00005614       0x52 C:\Users\z\AppData\Local\Temp\cc7qw6aY.debug.temp.o
 .debug_macro   0x00005666       0x22 C:\Users\z\AppData\Local\Temp\cc7qw6aY.debug.temp.o
 .debug_macro   0x00005688       0x10 C:\Users\z\AppData\Local\Temp\cc7qw6aY.debug.temp.o
 .debug_macro   0x00005698       0x40 C:\Users\z\AppData\Local\Temp\cc7qw6aY.debug.temp.o
 .debug_macro   0x000056d8       0xd5 C:\Users\z\AppData\Local\Temp\cc7qw6aY.debug.temp.o
 .debug_macro   0x000057ad       0x1c C:\Users\z\AppData\Local\Temp\cc7qw6aY.debug.temp.o
 .debug_macro   0x000057c9       0x3d C:\Users\z\AppData\Local\Temp\cc7qw6aY.debug.temp.o
 .debug_macro   0x00005806       0x16 C:\Users\z\AppData\Local\Temp\cc7qw6aY.debug.temp.o
 .debug_macro   0x0000581c      0x145 C:\Users\z\AppData\Local\Temp\cc7qw6aY.debug.temp.o
 .debug_macro   0x00005961       0xe8 C:\Users\z\AppData\Local\Temp\cc7qw6aY.debug.temp.o
 .debug_macro   0x00005a49       0x1c C:\Users\z\AppData\Local\Temp\cc7qw6aY.debug.temp.o
 .debug_macro   0x00005a65       0x3a C:\Users\z\AppData\Local\Temp\cc7qw6aY.debug.temp.o
 .debug_macro   0x00005a9f       0x10 C:\Users\z\AppData\Local\Temp\cc7qw6aY.debug.temp.o
 .debug_macro   0x00005aaf       0x34 C:\Users\z\AppData\Local\Temp\cc7qw6aY.debug.temp.o
 .debug_macro   0x00005ae3      0x2e8 C:\Users\z\AppData\Local\Temp\cc7qw6aY.debug.temp.o
 .debug_macro   0x00005dcb       0x19 C:\Users\z\AppData\Local\Temp\cc7qw6aY.debug.temp.o
 .debug_macro   0x00005de4       0x16 C:\Users\z\AppData\Local\Temp\cc7qw6aY.debug.temp.o
 .debug_macro   0x00005dfa       0x7c C:\Users\z\AppData\Local\Temp\cc7qw6aY.debug.temp.o
 .debug_macro   0x00005e76       0x16 C:\Users\z\AppData\Local\Temp\cc7qw6aY.debug.temp.o
 .debug_macro   0x00005e8c       0x35 C:\Users\z\AppData\Local\Temp\cc7qw6aY.debug.temp.o
 .debug_macro   0x00005ec1       0x22 C:\Users\z\AppData\Local\Temp\cc7qw6aY.debug.temp.o
 .debug_macro   0x00005ee3       0x10 C:\Users\z\AppData\Local\Temp\cc7qw6aY.debug.temp.o
 .debug_macro   0x00005ef3      0x2c8 C:\Users\z\AppData\Local\Temp\cc7qw6aY.debug.temp.o
 .debug_macro   0x000061bb       0x52 C:\Users\z\AppData\Local\Temp\cc7qw6aY.debug.temp.o
 .debug_macro   0x0000620d       0x2e C:\Users\z\AppData\Local\Temp\cc7qw6aY.debug.temp.o
 .debug_macro   0x0000623b       0x7c C:\Users\z\AppData\Local\Temp\cc7qw6aY.debug.temp.o
 .debug_macro   0x000062b7      0x13a C:\Users\z\AppData\Local\Temp\cc7qw6aY.debug.temp.o
 .debug_macro   0x000063f1      0x202 C:\Users\z\AppData\Local\Temp\cc7qw6aY.debug.temp.o
 .debug_macro   0x000065f3      0x283 C:\Users\z\AppData\Local\Temp\cc7qw6aY.debug.temp.o
 .debug_macro   0x00006876       0x34 C:\Users\z\AppData\Local\Temp\cc7qw6aY.debug.temp.o
 .debug_macro   0x000068aa       0x47 C:\Users\z\AppData\Local\Temp\cc7qw6aY.debug.temp.o
 .debug_macro   0x000068f1       0x10 C:\Users\z\AppData\Local\Temp\cc7qw6aY.debug.temp.o
 .debug_macro   0x00006901      0x145 C:\Users\z\AppData\Local\Temp\cc7qw6aY.debug.temp.o
 .debug_macro   0x00006a46       0x19 C:\Users\z\AppData\Local\Temp\cc7qw6aY.debug.temp.o
 .debug_macro   0x00006a5f       0x40 C:\Users\z\AppData\Local\Temp\cc7qw6aY.debug.temp.o